Archive member included to satisfy reference by file (symbol)

D:/sse/lib/libc_v7em_fpv4_sp_d16_hard_t_le_eabi.a(libc2.o)
                              Output/Release/Obj/ble_app_blinky_pca10040_s132/nrf_log_str_formatter.o (isprint)
D:/sse/lib/libc_v7em_fpv4_sp_d16_hard_t_le_eabi.a(libc2_asm.o)
                              Output/Release/Obj/ble_app_blinky_pca10040_s132/nrf_log_frontend.o (memcpy)
D:/sse/lib/libc_v7em_fpv4_sp_d16_hard_t_le_eabi.a(libvfprintf.o)
                              (__vfprintf_long)
D:/sse/lib/libc_v7em_fpv4_sp_d16_hard_t_le_eabi.a(libvfscanf.o)
                              (__vfscanf_long)
D:/sse/lib/libc_v7em_fpv4_sp_d16_hard_t_le_eabi.a(libc.o)
                              D:/sse/lib/libc_v7em_fpv4_sp_d16_hard_t_le_eabi.a(libc2.o) (__heap_lock)
D:/sse/lib/libc_v7em_fpv4_sp_d16_hard_t_le_eabi.a(libc_asm.o)
                              D:/sse/lib/libc_v7em_fpv4_sp_d16_hard_t_le_eabi.a(libc2.o) (__aeabi_uldivmod)
D:/sse/lib/libdebugio_v7em_fpv4_sp_d16_hard_t_le_eabi.a(libdebugio.o)
                              Output/Release/Obj/ble_app_blinky_pca10040_s132/thumb_crt0.o (debug_fopen)
D:/sse/lib/libdebugio_v7em_fpv4_sp_d16_hard_t_le_eabi.a(do_nv_debug_operation.o)
                              D:/sse/lib/libdebugio_v7em_fpv4_sp_d16_hard_t_le_eabi.a(libdebugio.o) (__do_nvdebug_operation)
D:/sse/lib/libdebugio_v7em_fpv4_sp_d16_hard_t_le_eabi.a(mempoll_debug_operations.o)
                              (__do_debug_operation_mempoll)
D:/sse/lib/libm_v7em_fpv4_sp_d16_hard_t_le_eabi.a(libm_asm.o)
                              D:/sse/lib/libc_v7em_fpv4_sp_d16_hard_t_le_eabi.a(libc2.o) (__aeabi_dadd)
D:/sse/lib/libm_v7em_fpv4_sp_d16_hard_t_le_eabi.a(libm2.o)
                              D:/sse/lib/libc_v7em_fpv4_sp_d16_hard_t_le_eabi.a(libvfprintf.o) (frexp)

Discarded input sections

 .text          0x0000000000000000        0x0 Output/Release/Obj/ble_app_blinky_pca10040_s132/thumb_crt0.o
 .data          0x0000000000000000        0x0 Output/Release/Obj/ble_app_blinky_pca10040_s132/thumb_crt0.o
 .bss           0x0000000000000000        0x0 Output/Release/Obj/ble_app_blinky_pca10040_s132/thumb_crt0.o
 .text.__aeabi_read_tp
                0x0000000000000000        0x8 Output/Release/Obj/ble_app_blinky_pca10040_s132/thumb_crt0.o
 .text.abort    0x0000000000000000        0x2 Output/Release/Obj/ble_app_blinky_pca10040_s132/thumb_crt0.o
 .text.__assert
                0x0000000000000000        0x2 Output/Release/Obj/ble_app_blinky_pca10040_s132/thumb_crt0.o
 .text.__assert_func
                0x0000000000000000        0x2 Output/Release/Obj/ble_app_blinky_pca10040_s132/thumb_crt0.o
 .text.__aeabi_assert
                0x0000000000000000        0x2 Output/Release/Obj/ble_app_blinky_pca10040_s132/thumb_crt0.o
 .text.__sync_synchronize
                0x0000000000000000        0x2 Output/Release/Obj/ble_app_blinky_pca10040_s132/thumb_crt0.o
 .text.__getchar
                0x0000000000000000        0x4 Output/Release/Obj/ble_app_blinky_pca10040_s132/thumb_crt0.o
 .text.__putchar
                0x0000000000000000        0x4 Output/Release/Obj/ble_app_blinky_pca10040_s132/thumb_crt0.o
 .text.__open   0x0000000000000000        0x4 Output/Release/Obj/ble_app_blinky_pca10040_s132/thumb_crt0.o
 .text.__close  0x0000000000000000        0x4 Output/Release/Obj/ble_app_blinky_pca10040_s132/thumb_crt0.o
 .text.__write  0x0000000000000000        0xa Output/Release/Obj/ble_app_blinky_pca10040_s132/thumb_crt0.o
 .text.__read   0x0000000000000000        0xa Output/Release/Obj/ble_app_blinky_pca10040_s132/thumb_crt0.o
 .text.__seek   0x0000000000000000       0x1a Output/Release/Obj/ble_app_blinky_pca10040_s132/thumb_crt0.o
 .text.remove   0x0000000000000000        0x4 Output/Release/Obj/ble_app_blinky_pca10040_s132/thumb_crt0.o
 .text.rename   0x0000000000000000        0x4 Output/Release/Obj/ble_app_blinky_pca10040_s132/thumb_crt0.o
 .bss.__user_locale_name_buffer
                0x0000000000000000        0x4 Output/Release/Obj/ble_app_blinky_pca10040_s132/thumb_crt0.o
 .stack         0x0000000000000000        0x0 Output/Release/Obj/ble_app_blinky_pca10040_s132/thumb_crt0.o
 .stack_process
                0x0000000000000000        0x0 Output/Release/Obj/ble_app_blinky_pca10040_s132/thumb_crt0.o
 .heap          0x0000000000000000        0x0 Output/Release/Obj/ble_app_blinky_pca10040_s132/thumb_crt0.o
 .group         0x0000000000000000        0xc Output/Release/Obj/ble_app_blinky_pca10040_s132/nrf_log_backend_rtt.o
 .group         0x0000000000000000        0xc Output/Release/Obj/ble_app_blinky_pca10040_s132/nrf_log_backend_rtt.o
 .group         0x0000000000000000        0xc Output/Release/Obj/ble_app_blinky_pca10040_s132/nrf_log_backend_rtt.o
 .group         0x0000000000000000        0xc Output/Release/Obj/ble_app_blinky_pca10040_s132/nrf_log_backend_rtt.o
 .group         0x0000000000000000        0xc Output/Release/Obj/ble_app_blinky_pca10040_s132/nrf_log_backend_rtt.o
[...]
Memory Configuration

Name             Origin             Length             Attributes
UNPLACED_SECTIONS 0x0000000100000000 0x0000000000000000 xw
RAM              0x0000000020000000 0x0000000000010000 xw
FLASH            0x0000000000000000 0x0000000000080000 xw
*default*        0x0000000000000000 0xffffffffffffffff

Linker script and memory map

                0x0000000000000000                __do_debug_operation = __do_debug_operation_mempoll
                0x0000000000000000                __vfprintf = __vfprintf_long
                0x0000000000000000                __vfscanf = __vfscanf_long
                0x0000000020000000                __RAM_segment_start__ = 0x20000000
                0x0000000020010000                __RAM_segment_end__ = 0x20010000
                0x0000000000010000                __RAM_segment_size__ = 0x10000
                0x0000000000000000                __FLASH_segment_start__ = 0x0
                0x0000000000080000                __FLASH_segment_end__ = 0x80000
                0x0000000000080000                __FLASH_segment_size__ = 0x80000
                0x0000000000002000                __HEAPSIZE__ = 0x2000
                0x0000000000000000                __STACKSIZE_PROCESS__ = 0x0
                0x0000000000002000                __STACKSIZE__ = 0x2000
                0x0000000020000000                __reserved_ram_load_start__ = 0x20000000

.reserved_ram   0x0000000020000000     0x22f0
                0x0000000020000000                __reserved_ram_start__ = .
 *(.reserved_ram .reserved_ram.*)
                0x00000000200022f0                . = MAX (((__reserved_ram_start__ + 0x200022f0) - 0x20000000), .)
 *fill*         0x0000000020000000     0x22f0 
                0x00000000200022f0                __reserved_ram_end__ = (__reserved_ram_start__ + SIZEOF (.reserved_ram))
                0x00000000000022f0                __reserved_ram_size__ = SIZEOF (.reserved_ram)
                0x00000000200022f0                __reserved_ram_load_end__ = __reserved_ram_end__
                0x0000000000000001                . = ASSERT (((__reserved_ram_start__ == __reserved_ram_end__) || ((__reserved_ram_end__ - __RAM_segment_start__) <= __RAM_segment_size__)), error: .reserved_ram is too large to fit in RAM memory segment)
                0x00000000200022f0                __vectors_ram_load_start__ = 0x200022f0

.vectors_ram    0x00000000200022f0        0x0
                0x00000000200022f0                __vectors_ram_start__ = .
                0x00000000200022f0                __app_ram_start__ = __vectors_ram_start__
 *(.vectors_ram .vectors_ram.*)
                0x00000000200022f0                __vectors_ram_end__ = (__vectors_ram_start__ + SIZEOF (.vectors_ram))
                0x0000000000000000                __vectors_ram_size__ = SIZEOF (.vectors_ram)
                0x00000000200022f0                __vectors_ram_load_end__ = __vectors_ram_end__
                0x0000000000000001                . = ASSERT (((__vectors_ram_start__ == __vectors_ram_end__) || ((__vectors_ram_end__ - __RAM_segment_start__) <= __RAM_segment_size__)), error: .vectors_ram is too large to fit in RAM memory segment)
                0x0000000000000001                . = ASSERT ((__reserved_ram_end__ <= __vectors_ram_start__), error: section .reserved_ram overlaps absolute placed section .vectors_ram)
                0x00000000200022f0                __nrf_sections_run_load_start__ = ALIGN (__vectors_ram_end__, 0x4)

.nrf_sections_run
                0x00000000200022f0        0x0
                0x00000000200022f0                __nrf_sections_run_start__ = .
                0x00000000200022f0                __start_nrf_sections_run = __nrf_sections_run_start__
 *(.nrf_sections_run .nrf_sections_run.*)
                0x00000000200022f0                __nrf_sections_run_end__ = (__nrf_sections_run_start__ + SIZEOF (.nrf_sections_run))
                0x0000000000000000                __nrf_sections_run_size__ = SIZEOF (.nrf_sections_run)
                0x00000000200022f0                __nrf_sections_run_load_end__ = __nrf_sections_run_end__
                0x0000000000000001                . = ASSERT (((__nrf_sections_run_start__ == __nrf_sections_run_end__) || ((__nrf_sections_run_end__ - __RAM_segment_start__) <= __RAM_segment_size__)), error: .nrf_sections_run is too large to fit in RAM memory segment)
                0x0000000000000000                __reserved_flash_load_start__ = 0x0

.reserved_flash
                0x0000000000000000    0x26000
                0x0000000000000000                __reserved_flash_start__ = .
 *(.reserved_flash .reserved_flash.*)
                0x0000000000026000                . = MAX (((__reserved_flash_start__ + 0x26000) - 0x0), .)
 *fill*         0x0000000000000000    0x26000 
                0x0000000000026000                __reserved_flash_end__ = (__reserved_flash_start__ + SIZEOF (.reserved_flash))
                0x0000000000026000                __reserved_flash_size__ = SIZEOF (.reserved_flash)
                0x0000000000026000                __reserved_flash_load_end__ = __reserved_flash_end__
                0x0000000000000001                . = ASSERT (((__reserved_flash_start__ == __reserved_flash_end__) || ((__reserved_flash_end__ - __FLASH_segment_start__) <= __FLASH_segment_size__)), error: .reserved_flash is too large to fit in FLASH memory segment)
                0x0000000000026000                __vectors_load_start__ = 0x26000

.vectors        0x0000000000026000      0x200
                0x0000000000026000                __vectors_start__ = .
 *(.vectors .vectors.*)
 .vectors       0x0000000000026000      0x200 Output/Release/Obj/ble_app_blinky_pca10040_s132/ses_startup_nrf52.o
                0x0000000000026000                _vectors
                0x0000000000026200                __vectors_end__ = (__vectors_start__ + SIZEOF (.vectors))
                0x0000000000000200                __vectors_size__ = SIZEOF (.vectors)
                0x0000000000026200                __vectors_load_end__ = __vectors_end__
                0x0000000000000001                . = ASSERT (((__vectors_start__ == __vectors_end__) || ((__vectors_end__ - __FLASH_segment_start__) <= __FLASH_segment_size__)), error: .vectors is too large to fit in FLASH memory segment)
                0x0000000000000001                . = ASSERT ((__reserved_flash_end__ <= __vectors_start__), error: section .reserved_flash overlaps absolute placed section .vectors)
                0x0000000000026200                __init_load_start__ = ALIGN (__vectors_end__, 0x4)

.init           0x0000000000026200      0x1d0
                0x0000000000026200                __init_start__ = .
 *(.init .init.*)
 .init          0x0000000000026200      0x15c Output/Release/Obj/ble_app_blinky_pca10040_s132/thumb_crt0.o
                0x0000000000026200                _start
                0x00000000000262b4                exit
 .init          0x000000000002635c       0x18 Output/Release/Obj/ble_app_blinky_pca10040_s132/ses_startup_nrf52.o
                0x000000000002635c                NMI_Handler
                0x000000000002635e                HardFault_Handler
                0x0000000000026360                MemoryManagement_Handler
                0x0000000000026362                BusFault_Handler
                0x0000000000026364                UsageFault_Handler
                0x0000000000026366                SVC_Handler
                0x0000000000026368                DebugMon_Handler
                0x000000000002636a                PendSV_Handler
                0x000000000002636c                SysTick_Handler
                0x000000000002636e                SWI0_EGU0_IRQHandler
                0x000000000002636e                RADIO_IRQHandler
                0x000000000002636e                PDM_IRQHandler
                0x000000000002636e                PWM1_IRQHandler
                0x000000000002636e                QDEC_IRQHandler
                0x000000000002636e                TIMER3_IRQHandler
                0x000000000002636e                RTC0_IRQHandler
                0x000000000002636e                SPIM0_SPIS0_TWIM0_TWIS0_SPI0_TWI0_IRQHandler
                0x000000000002636e                TEMP_IRQHandler
                0x000000000002636e                TIMER4_IRQHandler
                0x000000000002636e                I2S_IRQHandler
                0x000000000002636e                SWI4_EGU4_IRQHandler
                0x000000000002636e                TIMER0_IRQHandler
                0x000000000002636e                Dummy_Handler
                0x000000000002636e                TIMER1_IRQHandler
                0x000000000002636e                PWM2_IRQHandler
                0x000000000002636e                ECB_IRQHandler
                0x000000000002636e                SPIM1_SPIS1_TWIM1_TWIS1_SPI1_TWI1_IRQHandler
                0x000000000002636e                CCM_AAR_IRQHandler
                0x000000000002636e                WDT_IRQHandler
                0x000000000002636e                FPU_IRQHandler
                0x000000000002636e                SWI5_EGU5_IRQHandler
                0x000000000002636e                RNG_IRQHandler
                0x000000000002636e                RTC2_IRQHandler
                0x000000000002636e                PWM0_IRQHandler
                0x000000000002636e                SWI3_EGU3_IRQHandler
                0x000000000002636e                SWI1_EGU1_IRQHandler
                0x000000000002636e                SPIM2_SPIS2_SPI2_IRQHandler
                0x000000000002636e                NFCT_IRQHandler
                0x000000000002636e                TIMER2_IRQHandler
                0x000000000002636e                MWU_IRQHandler
                0x000000000002636e                COMP_LPCOMP_IRQHandler
                0x0000000000026370                nRFInitialize
 .init          0x0000000000026374       0x5c Output/Release/Obj/ble_app_blinky_pca10040_s132/ses_startup_nrf_common.o
                0x0000000000026374                Reset_Handler
                0x0000000000026378                afterInitialize
                0x000000000002639c                InitializeUserMemorySections
                0x00000000000263d0                __init_end__ = (__init_start__ + SIZEOF (.init))
                0x00000000000001d0                __init_size__ = SIZEOF (.init)
                0x00000000000263d0                __init_load_end__ = __init_end__
                0x0000000000000001                . = ASSERT (((__init_start__ == __init_end__) || ((__init_end__ - __FLASH_segment_start__) <= __FLASH_segment_size__)), error: .init is too large to fit in FLASH memory segment)
                0x00000000000263d0                __init_rodata_load_start__ = ALIGN (__init_end__, 0x4)

.init_rodata    0x00000000000263d0        0x0
                0x00000000000263d0                __init_rodata_start__ = .
 *(.init_rodata .init_rodata.*)
                0x00000000000263d0                __init_rodata_end__ = (__init_rodata_start__ + SIZEOF (.init_rodata))
                0x0000000000000000                __init_rodata_size__ = SIZEOF (.init_rodata)
                0x00000000000263d0                __init_rodata_load_end__ = __init_rodata_end__
                0x0000000000000001                . = ASSERT (((__init_rodata_start__ == __init_rodata_end__) || ((__init_rodata_end__ - __FLASH_segment_start__) <= __FLASH_segment_size__)), error: .init_rodata is too large to fit in FLASH memory segment)
                0x00000000000263d0                __text_load_start__ = ALIGN (__init_rodata_end__, 0x4)

.text           0x00000000000263d0     0x48d6
                0x00000000000263d0                __text_start__ = .
 *(.text .text.* .glue_7t .glue_7 .gnu.linkonce.t.* .gcc_except_table .ARM.extab* .gnu.linkonce.armextab.*)
 .glue_7        0x00000000000263d0        0x0 linker stubs
 .glue_7t       0x00000000000263d0        0x0 linker stubs
 .text.nrf_log_backend_rtt_flush
                0x00000000000263d0        0x2 Output/Release/Obj/ble_app_blinky_pca10040_s132/nrf_log_backend_rtt.o
 *fill*         0x00000000000263d2        0x2 
 .text.nrf_log_backend_rtt_put
                0x00000000000263d4       0x1c Output/Release/Obj/ble_app_blinky_pca10040_s132/nrf_log_backend_rtt.o
 .text.serial_tx
                0x00000000000263f0       0x50 Output/Release/Obj/ble_app_blinky_pca10040_s132/nrf_log_backend_rtt.o
 .text.nrf_log_backend_rtt_panic_set
                0x0000000000026440        0x2 Output/Release/Obj/ble_app_blinky_pca10040_s132/nrf_log_backend_rtt.o
 .text.nrf_log_backend_rtt_init
                0x0000000000026442        0x4 Output/Release/Obj/ble_app_blinky_pca10040_s132/nrf_log_backend_rtt.o
                0x0000000000026442                nrf_log_backend_rtt_init
 .text.nrf_log_backend_serial_put
                0x0000000000026446       0xc2 Output/Release/Obj/ble_app_blinky_pca10040_s132/nrf_log_backend_serial.o
                0x0000000000026446                nrf_log_backend_serial_put
 .text.nrf_log_default_backends_init
                0x0000000000026508       0x20 Output/Release/Obj/ble_app_blinky_pca10040_s132/nrf_log_default_backends.o
                0x0000000000026508                nrf_log_default_backends_init
 .text.invalid_packets_omit
                0x0000000000026528       0x3a Output/Release/Obj/ble_app_blinky_pca10040_s132/nrf_log_frontend.o
 *fill*         0x0000000000026562        0x2 
 .text.buf_prealloc
                0x0000000000026564      0x13c Output/Release/Obj/ble_app_blinky_pca10040_s132/nrf_log_frontend.o
 .text.nrf_log_init
                0x00000000000266a0       0x3c Output/Release/Obj/ble_app_blinky_pca10040_s132/nrf_log_frontend.o
                0x00000000000266a0                nrf_log_init
 .text.nrf_log_module_name_get
                0x00000000000266dc       0x38 Output/Release/Obj/ble_app_blinky_pca10040_s132/nrf_log_frontend.o
                0x00000000000266dc                nrf_log_module_name_get
 .text.nrf_log_color_id_get
                0x0000000000026714       0x2c Output/Release/Obj/ble_app_blinky_pca10040_s132/nrf_log_frontend.o
                0x0000000000026714                nrf_log_color_id_get
 .text.buffer_is_empty
                0x0000000000026740       0x14 Output/Release/Obj/ble_app_blinky_pca10040_s132/nrf_log_frontend.o
                0x0000000000026740                buffer_is_empty
 .text.nrf_log_frontend_dequeue
                0x0000000000026754      0x22c Output/Release/Obj/ble_app_blinky_pca10040_s132/nrf_log_frontend.o
                0x0000000000026754                nrf_log_frontend_dequeue
 .text.std_n    0x0000000000026980       0x98 Output/Release/Obj/ble_app_blinky_pca10040_s132/nrf_log_frontend.o
 .text.nrf_log_frontend_std_0
                0x0000000000026a18        0x8 Output/Release/Obj/ble_app_blinky_pca10040_s132/nrf_log_frontend.o
                0x0000000000026a18                nrf_log_frontend_std_0
 .text.nrf_log_frontend_std_1
                0x0000000000026a20       0x12 Output/Release/Obj/ble_app_blinky_pca10040_s132/nrf_log_frontend.o
                0x0000000000026a20                nrf_log_frontend_std_1
 .text.nrf_log_frontend_std_2
                0x0000000000026a32       0x14 Output/Release/Obj/ble_app_blinky_pca10040_s132/nrf_log_frontend.o
                0x0000000000026a32                nrf_log_frontend_std_2
 .text.nrf_log_frontend_std_4
                0x0000000000026a46       0x1c Output/Release/Obj/ble_app_blinky_pca10040_s132/nrf_log_frontend.o
                0x0000000000026a46                nrf_log_frontend_std_4
 .text.nrf_log_frontend_std_5
                0x0000000000026a62       0x20 Output/Release/Obj/ble_app_blinky_pca10040_s132/nrf_log_frontend.o
                0x0000000000026a62                nrf_log_frontend_std_5
 *fill*         0x0000000000026a82        0x2 
 .text.nrf_log_backend_add
                0x0000000000026a84       0x44 Output/Release/Obj/ble_app_blinky_pca10040_s132/nrf_log_frontend.o
                0x0000000000026a84                nrf_log_backend_add
 .text.nrf_log_panic
                0x0000000000026ac8       0x28 Output/Release/Obj/ble_app_blinky_pca10040_s132/nrf_log_frontend.o
                0x0000000000026ac8                nrf_log_panic
 .text.prefix_process
                0x0000000000026af0       0x7c Output/Release/Obj/ble_app_blinky_pca10040_s132/nrf_log_str_formatter.o
 .text.postfix_process
                0x0000000000026b6c       0x44 Output/Release/Obj/ble_app_blinky_pca10040_s132/nrf_log_str_formatter.o
 .text.nrf_log_std_entry_process
                0x0000000000026bb0       0xc8 Output/Release/Obj/ble_app_blinky_pca10040_s132/nrf_log_str_formatter.o
                0x0000000000026bb0                nrf_log_std_entry_process
 .text.nrf_log_hexdump_entry_process
                0x0000000000026c78       0xb8 Output/Release/Obj/ble_app_blinky_pca10040_s132/nrf_log_str_formatter.o
                0x0000000000026c78                nrf_log_hexdump_entry_process
 .text.state_set
                0x0000000000026d30       0x24 Output/Release/Obj/ble_app_blinky_pca10040_s132/app_button.o
 .text.button_get
                0x0000000000026d54       0x30 Output/Release/Obj/ble_app_blinky_pca10040_s132/app_button.o
 .text.usr_event
                0x0000000000026d84       0x20 Output/Release/Obj/ble_app_blinky_pca10040_s132/app_button.o
 .text.timer_start
                0x0000000000026da4       0x18 Output/Release/Obj/ble_app_blinky_pca10040_s132/app_button.o
 .text.gpiote_event_handler
                0x0000000000026dbc       0x34 Output/Release/Obj/ble_app_blinky_pca10040_s132/app_button.o
 .text.evt_handle
                0x0000000000026df0       0xec Output/Release/Obj/ble_app_blinky_pca10040_s132/app_button.o
                0x0000000000026df0                evt_handle
 .text.detection_delay_timeout_handler
                0x0000000000026edc       0x5c Output/Release/Obj/ble_app_blinky_pca10040_s132/app_button.o
 .text.app_button_init
                0x0000000000026f38       0xb0 Output/Release/Obj/ble_app_blinky_pca10040_s132/app_button.o
                0x0000000000026f38                app_button_init
 .text.app_button_enable
                0x0000000000026fe8       0x2c Output/Release/Obj/ble_app_blinky_pca10040_s132/app_button.o
                0x0000000000026fe8                app_button_enable
 .text.app_button_disable
                0x0000000000027014       0x58 Output/Release/Obj/ble_app_blinky_pca10040_s132/app_button.o
                0x0000000000027014                app_button_disable
 .text.app_error_handler_bare
                0x000000000002706c       0x1a Output/Release/Obj/ble_app_blinky_pca10040_s132/app_error.o
                0x000000000002706c                app_error_handler_bare
 *fill*         0x0000000000027086        0x2 
 .text.app_error_fault_handler
                0x0000000000027088       0x6c Output/Release/Obj/ble_app_blinky_pca10040_s132/app_error_weak.o
                0x0000000000027088                app_error_fault_handler
 .text.compare_func
                0x00000000000270f4       0x18 Output/Release/Obj/ble_app_blinky_pca10040_s132/app_timer2.o
 .text.get_now  0x000000000002710c       0x38 Output/Release/Obj/ble_app_blinky_pca10040_s132/app_timer2.o
 .text.timer_req_schedule
                0x0000000000027144       0x38 Output/Release/Obj/ble_app_blinky_pca10040_s132/app_timer2.o
 .text.timer_expire
                0x000000000002717c       0x6c Output/Release/Obj/ble_app_blinky_pca10040_s132/app_timer2.o
 .text.app_timer_init
                0x00000000000271e8       0x64 Output/Release/Obj/ble_app_blinky_pca10040_s132/app_timer2.o
                0x00000000000271e8                app_timer_init
 .text.app_timer_create
                0x000000000002724c       0x16 Output/Release/Obj/ble_app_blinky_pca10040_s132/app_timer2.o
                0x000000000002724c                app_timer_create
 .text.app_timer_start
                0x0000000000027262       0x30 Output/Release/Obj/ble_app_blinky_pca10040_s132/app_timer2.o
                0x0000000000027262                app_timer_start
 .text.app_timer_stop
                0x0000000000027292        0xc Output/Release/Obj/ble_app_blinky_pca10040_s132/app_timer2.o
                0x0000000000027292                app_timer_stop
 *fill*         0x000000000002729e        0x2 
 .text.app_timer_cnt_get
                0x00000000000272a0        0xc Output/Release/Obj/ble_app_blinky_pca10040_s132/app_timer2.o
                0x00000000000272a0                app_timer_cnt_get
 .text.rtc_irq  0x00000000000272ac      0x190 Output/Release/Obj/ble_app_blinky_pca10040_s132/app_timer2.o
 .text.app_util_critical_region_enter
                0x000000000002743c       0x48 Output/Release/Obj/ble_app_blinky_pca10040_s132/app_util_platform.o
                0x000000000002743c                app_util_critical_region_enter
 .text.app_util_critical_region_exit
                0x0000000000027484       0x2c Output/Release/Obj/ble_app_blinky_pca10040_s132/app_util_platform.o
                0x0000000000027484                app_util_critical_region_exit
 .text.evt_pending.isra.0
                0x00000000000274b0       0x1a Output/Release/Obj/ble_app_blinky_pca10040_s132/drv_rtc.o
 *fill*         0x00000000000274ca        0x2 
 .text.drv_rtc_init
                0x00000000000274cc       0xac Output/Release/Obj/ble_app_blinky_pca10040_s132/drv_rtc.o
                0x00000000000274cc                drv_rtc_init
 .text.drv_rtc_start
                0x0000000000027578        0x8 Output/Release/Obj/ble_app_blinky_pca10040_s132/drv_rtc.o
                0x0000000000027578                drv_rtc_start
 .text.drv_rtc_stop
                0x0000000000027580        0x8 Output/Release/Obj/ble_app_blinky_pca10040_s132/drv_rtc.o
                0x0000000000027580                drv_rtc_stop
 .text.drv_rtc_compare_set
                0x0000000000027588       0x3e Output/Release/Obj/ble_app_blinky_pca10040_s132/drv_rtc.o
                0x0000000000027588                drv_rtc_compare_set
 *fill*         0x00000000000275c6        0x2 
 .text.drv_rtc_windowed_compare_set
                0x00000000000275c8       0xf0 Output/Release/Obj/ble_app_blinky_pca10040_s132/drv_rtc.o
                0x00000000000275c8                drv_rtc_windowed_compare_set
 .text.drv_rtc_overflow_enable
                0x00000000000276b8       0x10 Output/Release/Obj/ble_app_blinky_pca10040_s132/drv_rtc.o
                0x00000000000276b8                drv_rtc_overflow_enable
 .text.drv_rtc_overflow_pending
                0x00000000000276c8        0xa Output/Release/Obj/ble_app_blinky_pca10040_s132/drv_rtc.o
                0x00000000000276c8                drv_rtc_overflow_pending
 .text.drv_rtc_compare_disable
                0x00000000000276d2       0x14 Output/Release/Obj/ble_app_blinky_pca10040_s132/drv_rtc.o
                0x00000000000276d2                drv_rtc_compare_disable
 .text.drv_rtc_compare_pending
                0x00000000000276e6        0xc Output/Release/Obj/ble_app_blinky_pca10040_s132/drv_rtc.o
                0x00000000000276e6                drv_rtc_compare_pending
 .text.drv_rtc_counter_get
                0x00000000000276f2        0x8 Output/Release/Obj/ble_app_blinky_pca10040_s132/drv_rtc.o
                0x00000000000276f2                drv_rtc_counter_get
 *fill*         0x00000000000276fa        0x2 
 .text.drv_rtc_irq_trigger
                0x00000000000276fc       0x20 Output/Release/Obj/ble_app_blinky_pca10040_s132/drv_rtc.o
                0x00000000000276fc                drv_rtc_irq_trigger
 .text.RTC1_IRQHandler
                0x000000000002771c       0x14 Output/Release/Obj/ble_app_blinky_pca10040_s132/drv_rtc.o
                0x000000000002771c                RTC1_IRQHandler
 .text.nrf_atfifo_init
                0x0000000000027730       0x26 Output/Release/Obj/ble_app_blinky_pca10040_s132/nrf_atfifo.o
                0x0000000000027730                nrf_atfifo_init
 .text.nrf_atfifo_item_alloc
                0x0000000000027756       0x54 Output/Release/Obj/ble_app_blinky_pca10040_s132/nrf_atfifo.o
                0x0000000000027756                nrf_atfifo_item_alloc
 .text.nrf_atfifo_item_put
                0x00000000000277aa       0x20 Output/Release/Obj/ble_app_blinky_pca10040_s132/nrf_atfifo.o
                0x00000000000277aa                nrf_atfifo_item_put
 .text.nrf_atfifo_item_get
                0x00000000000277ca       0x56 Output/Release/Obj/ble_app_blinky_pca10040_s132/nrf_atfifo.o
                0x00000000000277ca                nrf_atfifo_item_get
 .text.nrf_atfifo_item_free
                0x0000000000027820       0x20 Output/Release/Obj/ble_app_blinky_pca10040_s132/nrf_atfifo.o
                0x0000000000027820                nrf_atfifo_item_free
 .text.nrf_atflags_set
                0x0000000000027840       0x12 Output/Release/Obj/ble_app_blinky_pca10040_s132/nrf_atflags.o
                0x0000000000027840                nrf_atflags_set
 .text.nrf_atflags_clear
                0x0000000000027852       0x14 Output/Release/Obj/ble_app_blinky_pca10040_s132/nrf_atflags.o
                0x0000000000027852                nrf_atflags_clear
 .text.nrf_atflags_get
                0x0000000000027866       0x12 Output/Release/Obj/ble_app_blinky_pca10040_s132/nrf_atflags.o
                0x0000000000027866                nrf_atflags_get
 .text.nrf_atomic_u32_fetch_store
                0x0000000000027878       0x16 Output/Release/Obj/ble_app_blinky_pca10040_s132/nrf_atomic.o
                0x0000000000027878                nrf_atomic_u32_fetch_store
 .text.nrf_atomic_u32_or
                0x000000000002788e       0x18 Output/Release/Obj/ble_app_blinky_pca10040_s132/nrf_atomic.o
                0x000000000002788e                nrf_atomic_u32_or
 .text.nrf_atomic_u32_fetch_and
                0x00000000000278a6       0x18 Output/Release/Obj/ble_app_blinky_pca10040_s132/nrf_atomic.o
                0x00000000000278a6                nrf_atomic_u32_fetch_and
 .text.nrf_atomic_u32_and
                0x00000000000278be       0x18 Output/Release/Obj/ble_app_blinky_pca10040_s132/nrf_atomic.o
                0x00000000000278be                nrf_atomic_u32_and
 .text.nrf_atomic_u32_add
                0x00000000000278d6       0x18 Output/Release/Obj/ble_app_blinky_pca10040_s132/nrf_atomic.o
                0x00000000000278d6                nrf_atomic_u32_add
 .text.nrf_atomic_u32_sub
                0x00000000000278ee       0x18 Output/Release/Obj/ble_app_blinky_pca10040_s132/nrf_atomic.o
                0x00000000000278ee                nrf_atomic_u32_sub
 .text.nrf_atomic_flag_set
                0x0000000000027906        0x6 Output/Release/Obj/ble_app_blinky_pca10040_s132/nrf_atomic.o
                0x0000000000027906                nrf_atomic_flag_set
 .text.nrf_atomic_flag_clear_fetch
                0x000000000002790c        0x6 Output/Release/Obj/ble_app_blinky_pca10040_s132/nrf_atomic.o
                0x000000000002790c                nrf_atomic_flag_clear_fetch
 .text.nrf_balloc_init
                0x0000000000027912       0x2e Output/Release/Obj/ble_app_blinky_pca10040_s132/nrf_balloc.o
                0x0000000000027912                nrf_balloc_init
 .text.nrf_balloc_alloc
                0x0000000000027940       0x48 Output/Release/Obj/ble_app_blinky_pca10040_s132/nrf_balloc.o
                0x0000000000027940                nrf_balloc_alloc
 .text.nrf_balloc_free
                0x0000000000027988       0x34 Output/Release/Obj/ble_app_blinky_pca10040_s132/nrf_balloc.o
                0x0000000000027988                nrf_balloc_free
 .text.nrf_fprintf_buffer_flush
                0x00000000000279bc       0x16 Output/Release/Obj/ble_app_blinky_pca10040_s132/nrf_fprintf.o
                0x00000000000279bc                nrf_fprintf_buffer_flush
 .text.nrf_fprintf
                0x00000000000279d2       0x1c Output/Release/Obj/ble_app_blinky_pca10040_s132/nrf_fprintf.o
                0x00000000000279d2                nrf_fprintf
 .text.buffer_add
                0x00000000000279ee       0x1e Output/Release/Obj/ble_app_blinky_pca10040_s132/nrf_fprintf_format.o
 .text.unsigned_print
                0x0000000000027a0c       0xb4 Output/Release/Obj/ble_app_blinky_pca10040_s132/nrf_fprintf_format.o
 .text.nrf_fprintf_fmt
                0x0000000000027ac0      0x294 Output/Release/Obj/ble_app_blinky_pca10040_s132/nrf_fprintf_format.o
                0x0000000000027ac0                nrf_fprintf_fmt
 .text.memobj_op
                0x0000000000027d54       0x86 Output/Release/Obj/ble_app_blinky_pca10040_s132/nrf_memobj.o
 .text.nrf_memobj_pool_init
                0x0000000000027dda        0x4 Output/Release/Obj/ble_app_blinky_pca10040_s132/nrf_memobj.o
                0x0000000000027dda                nrf_memobj_pool_init
 .text.nrf_memobj_free
                0x0000000000027dde       0x2c Output/Release/Obj/ble_app_blinky_pca10040_s132/nrf_memobj.o
                0x0000000000027dde                nrf_memobj_free
 .text.nrf_memobj_alloc
                0x0000000000027e0a       0x5e Output/Release/Obj/ble_app_blinky_pca10040_s132/nrf_memobj.o
                0x0000000000027e0a                nrf_memobj_alloc
 .text.nrf_memobj_get
                0x0000000000027e68        0x8 Output/Release/Obj/ble_app_blinky_pca10040_s132/nrf_memobj.o
                0x0000000000027e68                nrf_memobj_get
 .text.nrf_memobj_put
                0x0000000000027e70       0x1c Output/Release/Obj/ble_app_blinky_pca10040_s132/nrf_memobj.o
                0x0000000000027e70                nrf_memobj_put
 .text.nrf_memobj_write
                0x0000000000027e8c       0x14 Output/Release/Obj/ble_app_blinky_pca10040_s132/nrf_memobj.o
                0x0000000000027e8c                nrf_memobj_write
 .text.nrf_memobj_read
                0x0000000000027ea0       0x14 Output/Release/Obj/ble_app_blinky_pca10040_s132/nrf_memobj.o
                0x0000000000027ea0                nrf_memobj_read
 .text.sd_app_evt_wait
                0x0000000000027eb4        0x4 Output/Release/Obj/ble_app_blinky_pca10040_s132/nrf_pwr_mgmt.o
 .text.nrf_pwr_mgmt_init
                0x0000000000027eb8       0x2c Output/Release/Obj/ble_app_blinky_pca10040_s132/nrf_pwr_mgmt.o
                0x0000000000027eb8                nrf_pwr_mgmt_init
 .text.nrf_pwr_mgmt_run
                0x0000000000027ee4       0x50 Output/Release/Obj/ble_app_blinky_pca10040_s132/nrf_pwr_mgmt.o
                0x0000000000027ee4                nrf_pwr_mgmt_run
 .text.nrf_ringbuf_init
                0x0000000000027f34       0x12 Output/Release/Obj/ble_app_blinky_pca10040_s132/nrf_ringbuf.o
                0x0000000000027f34                nrf_ringbuf_init
 .text.nrf_section_iter_init
                0x0000000000027f46       0x14 Output/Release/Obj/ble_app_blinky_pca10040_s132/nrf_section_iter.o
                0x0000000000027f46                nrf_section_iter_init
 .text.nrf_section_iter_next
                0x0000000000027f5a       0x18 Output/Release/Obj/ble_app_blinky_pca10040_s132/nrf_section_iter.o
                0x0000000000027f5a                nrf_section_iter_next
 .text.nrf_sortlist_add
                0x0000000000027f72       0x20 Output/Release/Obj/ble_app_blinky_pca10040_s132/nrf_sortlist.o
                0x0000000000027f72                nrf_sortlist_add
 .text.nrf_sortlist_pop
                0x0000000000027f92        0xc Output/Release/Obj/ble_app_blinky_pca10040_s132/nrf_sortlist.o
                0x0000000000027f92                nrf_sortlist_pop
 .text.nrf_sortlist_peek
                0x0000000000027f9e        0x6 Output/Release/Obj/ble_app_blinky_pca10040_s132/nrf_sortlist.o
                0x0000000000027f9e                nrf_sortlist_peek
 .text.nrf_sortlist_remove
                0x0000000000027fa4       0x1a Output/Release/Obj/ble_app_blinky_pca10040_s132/nrf_sortlist.o
                0x0000000000027fa4                nrf_sortlist_remove
 *fill*         0x0000000000027fbe        0x2 
 .text.nrf_strerror_find
                0x0000000000027fc0       0x3c Output/Release/Obj/ble_app_blinky_pca10040_s132/nrf_strerror.o
                0x0000000000027fc0                nrf_strerror_find
 .text.nrf_strerror_get
                0x0000000000027ffc       0x14 Output/Release/Obj/ble_app_blinky_pca10040_s132/nrf_strerror.o
                0x0000000000027ffc                nrf_strerror_get
 .text.errata_12
                0x0000000000028010       0x36 Output/Release/Obj/ble_app_blinky_pca10040_s132/system_nrf52.o
 .text.errata_16
                0x0000000000028046       0x2a Output/Release/Obj/ble_app_blinky_pca10040_s132/system_nrf52.o
 .text.SystemInit
                0x0000000000028070      0x25c Output/Release/Obj/ble_app_blinky_pca10040_s132/system_nrf52.o
                0x0000000000028070                SystemInit
 .text.bsp_board_led_on
                0x00000000000282cc       0x18 Output/Release/Obj/ble_app_blinky_pca10040_s132/boards.o
                0x00000000000282cc                bsp_board_led_on
 .text.bsp_board_led_off
                0x00000000000282e4       0x18 Output/Release/Obj/ble_app_blinky_pca10040_s132/boards.o
                0x00000000000282e4                bsp_board_led_off
 .text.bsp_board_leds_off
                0x00000000000282fc       0x1e Output/Release/Obj/ble_app_blinky_pca10040_s132/boards.o
                0x00000000000282fc                bsp_board_leds_off
 .text.bsp_board_init
                0x000000000002831a       0x3e Output/Release/Obj/ble_app_blinky_pca10040_s132/boards.o
                0x000000000002831a                bsp_board_init
 .text.clock_clk_started_notify
                0x0000000000028358       0x24 Output/Release/Obj/ble_app_blinky_pca10040_s132/nrf_drv_clock.o
 .text.clock_irq_handler
                0x000000000002837c       0x1c Output/Release/Obj/ble_app_blinky_pca10040_s132/nrf_drv_clock.o
 .text.soc_evt_handler
                0x0000000000028398       0x14 Output/Release/Obj/ble_app_blinky_pca10040_s132/nrf_drv_clock.o
 .text.nrf_drv_clock_init
                0x00000000000283ac       0x38 Output/Release/Obj/ble_app_blinky_pca10040_s132/nrf_drv_clock.o
                0x00000000000283ac                nrf_drv_clock_init
 .text.nrf_drv_clock_lfclk_release
                0x00000000000283e4       0x34 Output/Release/Obj/ble_app_blinky_pca10040_s132/nrf_drv_clock.o
                0x00000000000283e4                nrf_drv_clock_lfclk_release
 .text.sd_state_evt_handler
                0x0000000000028418       0x5c Output/Release/Obj/ble_app_blinky_pca10040_s132/nrf_drv_clock.o
 .text.nrfx_clock_init
                0x0000000000028474       0x18 Output/Release/Obj/ble_app_blinky_pca10040_s132/nrfx_clock.o
                0x0000000000028474                nrfx_clock_init
 .text.nrfx_clock_enable
                0x000000000002848c       0x24 Output/Release/Obj/ble_app_blinky_pca10040_s132/nrfx_clock.o
                0x000000000002848c                nrfx_clock_enable
 .text.nrfx_clock_lfclk_stop
                0x00000000000284b0       0x12 Output/Release/Obj/ble_app_blinky_pca10040_s132/nrfx_clock.o
                0x00000000000284b0                nrfx_clock_lfclk_stop
 *fill*         0x00000000000284c2        0x2 
 .text.POWER_CLOCK_IRQHandler
                0x00000000000284c4       0x64 Output/Release/Obj/ble_app_blinky_pca10040_s132/nrfx_clock.o
                0x00000000000284c4                POWER_CLOCK_IRQHandler
 .text.nrf_gpiote_event_clear
                0x0000000000028528       0x18 Output/Release/Obj/ble_app_blinky_pca10040_s132/nrfx_gpiote.o
 .text.nrf_gpio_cfg_sense_set
                0x0000000000028540       0x20 Output/Release/Obj/ble_app_blinky_pca10040_s132/nrfx_gpiote.o
 .text.nrf_bitmask_bit_set
                0x0000000000028560       0x14 Output/Release/Obj/ble_app_blinky_pca10040_s132/nrfx_gpiote.o
 .text.channel_free
                0x0000000000028574       0x1c Output/Release/Obj/ble_app_blinky_pca10040_s132/nrfx_gpiote.o
 .text.nrfx_gpiote_init
                0x0000000000028590       0x70 Output/Release/Obj/ble_app_blinky_pca10040_s132/nrfx_gpiote.o
                0x0000000000028590                nrfx_gpiote_init
 .text.nrfx_gpiote_is_init
                0x0000000000028600       0x14 Output/Release/Obj/ble_app_blinky_pca10040_s132/nrfx_gpiote.o
                0x0000000000028600                nrfx_gpiote_is_init
 .text.nrfx_gpiote_in_init
                0x0000000000028614       0xf0 Output/Release/Obj/ble_app_blinky_pca10040_s132/nrfx_gpiote.o
                0x0000000000028614                nrfx_gpiote_in_init
 .text.nrfx_gpiote_in_event_enable
                0x0000000000028704       0x8c Output/Release/Obj/ble_app_blinky_pca10040_s132/nrfx_gpiote.o
                0x0000000000028704                nrfx_gpiote_in_event_enable
 .text.nrfx_gpiote_in_event_disable
                0x0000000000028790       0x44 Output/Release/Obj/ble_app_blinky_pca10040_s132/nrfx_gpiote.o
                0x0000000000028790                nrfx_gpiote_in_event_disable
 .text.nrfx_gpiote_in_is_set
                0x00000000000287d4       0x12 Output/Release/Obj/ble_app_blinky_pca10040_s132/nrfx_gpiote.o
                0x00000000000287d4                nrfx_gpiote_in_is_set
 *fill*         0x00000000000287e6        0x2 
 .text.GPIOTE_IRQHandler
                0x00000000000287e8      0x178 Output/Release/Obj/ble_app_blinky_pca10040_s132/nrfx_gpiote.o
                0x00000000000287e8                GPIOTE_IRQHandler
 .text.UARTE0_UART0_IRQHandler
                0x0000000000028960        0xc Output/Release/Obj/ble_app_blinky_pca10040_s132/nrfx_prs.o
                0x0000000000028960                UARTE0_UART0_IRQHandler
 .text.nrf_saadc_event_clear
                0x000000000002896c       0x18 Output/Release/Obj/ble_app_blinky_pca10040_s132/nrfx_saadc.o
 .text.SAADC_IRQHandler
                0x0000000000028984      0x154 Output/Release/Obj/ble_app_blinky_pca10040_s132/nrfx_saadc.o
                0x0000000000028984                SAADC_IRQHandler
 .text.nrfx_saadc_init
                0x0000000000028ad8       0x88 Output/Release/Obj/ble_app_blinky_pca10040_s132/nrfx_saadc.o
                0x0000000000028ad8                nrfx_saadc_init
 .text.nrfx_saadc_channel_init
                0x0000000000028b60       0xb4 Output/Release/Obj/ble_app_blinky_pca10040_s132/nrfx_saadc.o
                0x0000000000028b60                nrfx_saadc_channel_init
 .text.nrfx_saadc_buffer_convert
                0x0000000000028c14       0xa4 Output/Release/Obj/ble_app_blinky_pca10040_s132/nrfx_saadc.o
                0x0000000000028c14                nrfx_saadc_buffer_convert
 .text.nrfx_saadc_sample
                0x0000000000028cb8       0x28 Output/Release/Obj/ble_app_blinky_pca10040_s132/nrfx_saadc.o
                0x0000000000028cb8                nrfx_saadc_sample
 .text.nrfx_saadc_limits_set
                0x0000000000028ce0       0x78 Output/Release/Obj/ble_app_blinky_pca10040_s132/nrfx_saadc.o
                0x0000000000028ce0                nrfx_saadc_limits_set
 .text.nrfx_saadc_channel_uninit
                0x0000000000028d58       0x54 Output/Release/Obj/ble_app_blinky_pca10040_s132/nrfx_saadc.o
                0x0000000000028d58                nrfx_saadc_channel_uninit
 .text.nrfx_saadc_uninit
                0x0000000000028dac       0x58 Output/Release/Obj/ble_app_blinky_pca10040_s132/nrfx_saadc.o
                0x0000000000028dac                nrfx_saadc_uninit
 .text.sd_ble_gap_adv_set_configure
                0x0000000000028e04        0x4 Output/Release/Obj/ble_app_blinky_pca10040_s132/main.o
 .text.sd_ble_gap_adv_start
                0x0000000000028e08        0x4 Output/Release/Obj/ble_app_blinky_pca10040_s132/main.o
 .text.sd_ble_gap_disconnect
                0x0000000000028e0c        0x4 Output/Release/Obj/ble_app_blinky_pca10040_s132/main.o
 .text.sd_ble_gap_ppcp_set
                0x0000000000028e10        0x4 Output/Release/Obj/ble_app_blinky_pca10040_s132/main.o
 .text.sd_ble_gap_device_name_set
                0x0000000000028e14        0x4 Output/Release/Obj/ble_app_blinky_pca10040_s132/main.o
 .text.sd_ble_gap_sec_params_reply
                0x0000000000028e18        0x4 Output/Release/Obj/ble_app_blinky_pca10040_s132/main.o
 .text.sd_ble_gap_phy_update
                0x0000000000028e1c        0x4 Output/Release/Obj/ble_app_blinky_pca10040_s132/main.o
 .text.sd_ble_gatts_sys_attr_set
                0x0000000000028e20        0x4 Output/Release/Obj/ble_app_blinky_pca10040_s132/main.o
 .text.temp_measure_callback
                0x0000000000028e24       0x28 Output/Release/Obj/ble_app_blinky_pca10040_s132/main.o
                0x0000000000028e24                temp_measure_callback
 .text.nrf_qwr_error_handler
                0x0000000000028e4c        0x4 Output/Release/Obj/ble_app_blinky_pca10040_s132/main.o
 .text.period_measure_timer_handler
                0x0000000000028e50       0x1c Output/Release/Obj/ble_app_blinky_pca10040_s132/main.o
 .text.ble_evt_handler
                0x0000000000028e6c      0x108 Output/Release/Obj/ble_app_blinky_pca10040_s132/main.o
 .text.on_conn_params_evt
                0x0000000000028f74       0x20 Output/Release/Obj/ble_app_blinky_pca10040_s132/main.o
 .text.button_event_handler
                0x0000000000028f94       0x64 Output/Release/Obj/ble_app_blinky_pca10040_s132/main.o
 .text.led_write_handler
                0x0000000000028ff8       0x3c Output/Release/Obj/ble_app_blinky_pca10040_s132/main.o
 .text.conn_params_error_handler
                0x0000000000029034        0x4 Output/Release/Obj/ble_app_blinky_pca10040_s132/main.o
 .text.startup.main
                0x0000000000029038      0x250 Output/Release/Obj/ble_app_blinky_pca10040_s132/main.o
                0x0000000000029038                main
 .text.clear_time_filter
                0x0000000000029288       0x1c Output/Release/Obj/ble_app_blinky_pca10040_s132/temp_adc.o
 .text.measure_delay_timer_handler
                0x00000000000292a4      0x130 Output/Release/Obj/ble_app_blinky_pca10040_s132/temp_adc.o
 .text.saadc_done_callback
                0x00000000000293d4      0x1dc Output/Release/Obj/ble_app_blinky_pca10040_s132/temp_adc.o
 .text.Temp_Init
                0x00000000000295b0       0x3c Output/Release/Obj/ble_app_blinky_pca10040_s132/temp_adc.o
                0x00000000000295b0                Temp_Init
 .text.Temp_startMeasure
                0x00000000000295ec       0x20 Output/Release/Obj/ble_app_blinky_pca10040_s132/temp_adc.o
                0x00000000000295ec                Temp_startMeasure
 .text.search_data
                0x000000000002960c       0xa4 Output/Release/Obj/ble_app_blinky_pca10040_s132/stroge_data.o
                0x000000000002960c                search_data
 .text._GetAvailWriteSpace
                0x00000000000296b0       0x12 Output/Release/Obj/ble_app_blinky_pca10040_s132/SEGGER_RTT.o
 .text._WriteNoCheck
                0x00000000000296c2       0x38 Output/Release/Obj/ble_app_blinky_pca10040_s132/SEGGER_RTT.o
 .text._WriteBlocking
                0x00000000000296fa       0x52 Output/Release/Obj/ble_app_blinky_pca10040_s132/SEGGER_RTT.o
 .text._DoInit  0x000000000002974c       0x60 Output/Release/Obj/ble_app_blinky_pca10040_s132/SEGGER_RTT.o
 .text.SEGGER_RTT_WriteNoLock
                0x00000000000297ac       0x60 Output/Release/Obj/ble_app_blinky_pca10040_s132/SEGGER_RTT.o
                0x00000000000297ac                SEGGER_RTT_WriteNoLock
 .text.SEGGER_RTT_Init
                0x000000000002980c        0x4 Output/Release/Obj/ble_app_blinky_pca10040_s132/SEGGER_RTT.o
                0x000000000002980c                SEGGER_RTT_Init
 .text.sd_ble_gap_addr_get
                0x0000000000029810        0x4 Output/Release/Obj/ble_app_blinky_pca10040_s132/ble_advdata.o
 .text.sd_ble_gap_appearance_get
                0x0000000000029814        0x4 Output/Release/Obj/ble_app_blinky_pca10040_s132/ble_advdata.o
 .text.sd_ble_gap_device_name_get
                0x0000000000029818        0x4 Output/Release/Obj/ble_app_blinky_pca10040_s132/ble_advdata.o
 .text.sd_ble_uuid_encode
                0x000000000002981c        0x4 Output/Release/Obj/ble_app_blinky_pca10040_s132/ble_advdata.o
 .text.uuid_list_sized_encode
                0x0000000000029820       0xac Output/Release/Obj/ble_app_blinky_pca10040_s132/ble_advdata.o
 .text.uuid_list_encode
                0x00000000000298cc       0x38 Output/Release/Obj/ble_app_blinky_pca10040_s132/ble_advdata.o
 .text.ble_advdata_encode
                0x0000000000029904      0x392 Output/Release/Obj/ble_app_blinky_pca10040_s132/ble_advdata.o
                0x0000000000029904                ble_advdata_encode
 .text.sd_ble_gap_conn_param_update
                0x0000000000029c96        0x4 Output/Release/Obj/ble_app_blinky_pca10040_s132/ble_conn_params.o
 .text.sd_ble_gap_disconnect
                0x0000000000029c9a        0x4 Output/Release/Obj/ble_app_blinky_pca10040_s132/ble_conn_params.o
 .text.sd_ble_gap_ppcp_set
                0x0000000000029c9e        0x4 Output/Release/Obj/ble_app_blinky_pca10040_s132/ble_conn_params.o
 .text.sd_ble_gap_ppcp_get
                0x0000000000029ca2        0x4 Output/Release/Obj/ble_app_blinky_pca10040_s132/ble_conn_params.o
 *fill*         0x0000000000029ca6        0x2 
 .text.instance_get
                0x0000000000029ca8       0x14 Output/Release/Obj/ble_app_blinky_pca10040_s132/ble_conn_params.o
 .text.send_error_evt
                0x0000000000029cbc       0x10 Output/Release/Obj/ble_app_blinky_pca10040_s132/ble_conn_params.o
 .text.update_timeout_handler
                0x0000000000029ccc       0x70 Output/Release/Obj/ble_app_blinky_pca10040_s132/ble_conn_params.o
 .text.conn_params_negotiation
                0x0000000000029d3c       0x48 Output/Release/Obj/ble_app_blinky_pca10040_s132/ble_conn_params.o
 .text.is_conn_params_ok.constprop.0
                0x0000000000029d84       0x32 Output/Release/Obj/ble_app_blinky_pca10040_s132/ble_conn_params.o
 *fill*         0x0000000000029db6        0x2 
 .text.ble_evt_handler
                0x0000000000029db8       0xe0 Output/Release/Obj/ble_app_blinky_pca10040_s132/ble_conn_params.o
 .text.ble_conn_params_init
                0x0000000000029e98       0x74 Output/Release/Obj/ble_app_blinky_pca10040_s132/ble_conn_params.o
                0x0000000000029e98                ble_conn_params_init
 .text.flag_toggle
                0x0000000000029f0c        0xa Output/Release/Obj/ble_app_blinky_pca10040_s132/ble_conn_state.o
 .text.conn_handle_list_get
                0x0000000000029f16       0x2e Output/Release/Obj/ble_app_blinky_pca10040_s132/ble_conn_state.o
                0x0000000000029f16                conn_handle_list_get
 .text.ble_evt_handler
                0x0000000000029f44      0x110 Output/Release/Obj/ble_app_blinky_pca10040_s132/ble_conn_state.o
 .text.sd_ble_gatts_characteristic_add
                0x000000000002a054        0x4 Output/Release/Obj/ble_app_blinky_pca10040_s132/ble_srv_common.o
 .text.set_security_req
                0x000000000002a058       0x2a Output/Release/Obj/ble_app_blinky_pca10040_s132/ble_srv_common.o
 .text.ble_srv_is_notification_enabled
                0x000000000002a082        0x8 Output/Release/Obj/ble_app_blinky_pca10040_s132/ble_srv_common.o
                0x000000000002a082                ble_srv_is_notification_enabled
 .text.characteristic_add
                0x000000000002a08a      0x154 Output/Release/Obj/ble_app_blinky_pca10040_s132/ble_srv_common.o
                0x000000000002a08a                characteristic_add
 .text.sd_ble_gap_data_length_update
                0x000000000002a1de        0x4 Output/Release/Obj/ble_app_blinky_pca10040_s132/nrf_ble_gatt.o
 .text.sd_ble_gattc_exchange_mtu_request
                0x000000000002a1e2        0x4 Output/Release/Obj/ble_app_blinky_pca10040_s132/nrf_ble_gatt.o
 .text.sd_ble_gatts_exchange_mtu_reply
                0x000000000002a1e6        0x4 Output/Release/Obj/ble_app_blinky_pca10040_s132/nrf_ble_gatt.o
 *fill*         0x000000000002a1ea        0x2 
 .text.data_length_update
                0x000000000002a1ec       0x84 Output/Release/Obj/ble_app_blinky_pca10040_s132/nrf_ble_gatt.o
 .text.nrf_ble_gatt_init
                0x000000000002a270       0x26 Output/Release/Obj/ble_app_blinky_pca10040_s132/nrf_ble_gatt.o
                0x000000000002a270                nrf_ble_gatt_init
 *fill*         0x000000000002a296        0x2 
 .text.nrf_ble_gatt_on_ble_evt
                0x000000000002a298      0x1ac Output/Release/Obj/ble_app_blinky_pca10040_s132/nrf_ble_gatt.o
                0x000000000002a298                nrf_ble_gatt_on_ble_evt
 .text.sd_ble_gatts_rw_authorize_reply
                0x000000000002a444        0x4 Output/Release/Obj/ble_app_blinky_pca10040_s132/nrf_ble_qwr.o
 .text.sd_ble_user_mem_reply
                0x000000000002a448        0x4 Output/Release/Obj/ble_app_blinky_pca10040_s132/nrf_ble_qwr.o
 .text.user_mem_reply.part.0
                0x000000000002a44c       0x24 Output/Release/Obj/ble_app_blinky_pca10040_s132/nrf_ble_qwr.o
 .text.nrf_ble_qwr_init
                0x000000000002a470       0x24 Output/Release/Obj/ble_app_blinky_pca10040_s132/nrf_ble_qwr.o
                0x000000000002a470                nrf_ble_qwr_init
 .text.nrf_ble_qwr_conn_handle_assign
                0x000000000002a494       0x16 Output/Release/Obj/ble_app_blinky_pca10040_s132/nrf_ble_qwr.o
                0x000000000002a494                nrf_ble_qwr_conn_handle_assign
 .text.nrf_ble_qwr_on_ble_evt
                0x000000000002a4aa       0xa6 Output/Release/Obj/ble_app_blinky_pca10040_s132/nrf_ble_qwr.o
                0x000000000002a4aa                nrf_ble_qwr_on_ble_evt
 .text.sd_ble_gatts_service_add
                0x000000000002a550        0x4 Output/Release/Obj/ble_app_blinky_pca10040_s132/ble_lbs.o
 .text.sd_ble_gatts_hvx
                0x000000000002a554        0x4 Output/Release/Obj/ble_app_blinky_pca10040_s132/ble_lbs.o
 .text.sd_ble_uuid_vs_add
                0x000000000002a558        0x4 Output/Release/Obj/ble_app_blinky_pca10040_s132/ble_lbs.o
 .text.ble_lbs_on_ble_evt
                0x000000000002a55c       0x2a Output/Release/Obj/ble_app_blinky_pca10040_s132/ble_lbs.o
                0x000000000002a55c                ble_lbs_on_ble_evt
 *fill*         0x000000000002a586        0x2 
 .text.ble_lbs_init
                0x000000000002a588       0xdc Output/Release/Obj/ble_app_blinky_pca10040_s132/ble_lbs.o
                0x000000000002a588                ble_lbs_init
 .text.ble_lbs_on_button_change
                0x000000000002a664       0x40 Output/Release/Obj/ble_app_blinky_pca10040_s132/ble_lbs.o
                0x000000000002a664                ble_lbs_on_button_change
 .text.sd_softdevice_enable
                0x000000000002a6a4        0x4 Output/Release/Obj/ble_app_blinky_pca10040_s132/nrf_sdh.o
 .text.sdh_request_observer_notify
                0x000000000002a6a8       0x30 Output/Release/Obj/ble_app_blinky_pca10040_s132/nrf_sdh.o
 .text.sdh_state_observer_notify
                0x000000000002a6d8       0x28 Output/Release/Obj/ble_app_blinky_pca10040_s132/nrf_sdh.o
 .text.softdevices_evt_irq_enable
                0x000000000002a700       0x38 Output/Release/Obj/ble_app_blinky_pca10040_s132/nrf_sdh.o
 .text.nrf_sdh_enable_request
                0x000000000002a738       0x7c Output/Release/Obj/ble_app_blinky_pca10040_s132/nrf_sdh.o
                0x000000000002a738                nrf_sdh_enable_request
 .text.nrf_sdh_is_enabled
                0x000000000002a7b4        0xc Output/Release/Obj/ble_app_blinky_pca10040_s132/nrf_sdh.o
                0x000000000002a7b4                nrf_sdh_is_enabled
 .text.nrf_sdh_evts_poll
                0x000000000002a7c0       0x28 Output/Release/Obj/ble_app_blinky_pca10040_s132/nrf_sdh.o
                0x000000000002a7c0                nrf_sdh_evts_poll
 .text.SWI2_EGU2_IRQHandler
                0x000000000002a7e8        0x4 Output/Release/Obj/ble_app_blinky_pca10040_s132/nrf_sdh.o
                0x000000000002a7e8                SWI2_EGU2_IRQHandler
 .text.sd_ble_enable
                0x000000000002a7ec        0x4 Output/Release/Obj/ble_app_blinky_pca10040_s132/nrf_sdh_ble.o
 .text.sd_ble_cfg_set
                0x000000000002a7f0        0x4 Output/Release/Obj/ble_app_blinky_pca10040_s132/nrf_sdh_ble.o
 .text.sd_ble_evt_get
                0x000000000002a7f4        0x4 Output/Release/Obj/ble_app_blinky_pca10040_s132/nrf_sdh_ble.o
 .text.nrf_sdh_ble_evts_poll
                0x000000000002a7f8       0x58 Output/Release/Obj/ble_app_blinky_pca10040_s132/nrf_sdh_ble.o
 .text.nrf_sdh_ble_default_cfg_set
                0x000000000002a850      0x164 Output/Release/Obj/ble_app_blinky_pca10040_s132/nrf_sdh_ble.o
                0x000000000002a850                nrf_sdh_ble_default_cfg_set
 .text.nrf_sdh_ble_enable
                0x000000000002a9b4       0x98 Output/Release/Obj/ble_app_blinky_pca10040_s132/nrf_sdh_ble.o
                0x000000000002a9b4                nrf_sdh_ble_enable
 .text.sd_evt_get
                0x000000000002aa4c        0x4 Output/Release/Obj/ble_app_blinky_pca10040_s132/nrf_sdh_soc.o
 .text.nrf_sdh_soc_evts_poll
                0x000000000002aa50       0x40 Output/Release/Obj/ble_app_blinky_pca10040_s132/nrf_sdh_soc.o
 .text.libc.__RAL_ascii_isctype
                0x000000000002aa90       0x1c D:/sse/lib/libc_v7em_fpv4_sp_d16_hard_t_le_eabi.a(libc2.o)
 .text.libc.__RAL_ascii_toupper
                0x000000000002aaac        0xc D:/sse/lib/libc_v7em_fpv4_sp_d16_hard_t_le_eabi.a(libc2.o)
 .text.libc.__RAL_ascii_tolower
                0x000000000002aab8        0xc D:/sse/lib/libc_v7em_fpv4_sp_d16_hard_t_le_eabi.a(libc2.o)
 .text.libc.__RAL_ascii_iswctype
                0x000000000002aac4       0x1c D:/sse/lib/libc_v7em_fpv4_sp_d16_hard_t_le_eabi.a(libc2.o)
 .text.libc.__RAL_ascii_towupper
                0x000000000002aae0        0xc D:/sse/lib/libc_v7em_fpv4_sp_d16_hard_t_le_eabi.a(libc2.o)
 .text.libc.__RAL_ascii_towlower
                0x000000000002aaec        0xc D:/sse/lib/libc_v7em_fpv4_sp_d16_hard_t_le_eabi.a(libc2.o)
 .text.libc.__RAL_ascii_wctomb
                0x000000000002aaf8        0xe D:/sse/lib/libc_v7em_fpv4_sp_d16_hard_t_le_eabi.a(libc2.o)
                0x000000000002aaf8                __RAL_ascii_wctomb
 .text.libc.__RAL_ascii_mbtowc
                0x000000000002ab06       0x24 D:/sse/lib/libc_v7em_fpv4_sp_d16_hard_t_le_eabi.a(libc2.o)
                0x000000000002ab06                __RAL_ascii_mbtowc
 *fill*         0x000000000002ab2a        0x2 
 .text.libc.__RAL_isctype
                0x000000000002ab2c       0x14 D:/sse/lib/libc_v7em_fpv4_sp_d16_hard_t_le_eabi.a(libc2.o)
                0x000000000002ab2c                __RAL_isctype
 .text.libc.isprint
                0x000000000002ab40        0xa D:/sse/lib/libc_v7em_fpv4_sp_d16_hard_t_le_eabi.a(libc2.o)
                0x000000000002ab40                isprint
 .text.libc.memcpy
                0x000000000002ab4a       0x52 D:/sse/lib/libc_v7em_fpv4_sp_d16_hard_t_le_eabi.a(libc2_asm.o)
                0x000000000002ab4a                __aeabi_memcpy
                0x000000000002ab4a                memcpy
                0x000000000002ab56                __aeabi_memcpy8
                0x000000000002ab56                __aeabi_memcpy4
 .text.libc.memset
                0x000000000002ab9c       0x66 D:/sse/lib/libc_v7em_fpv4_sp_d16_hard_t_le_eabi.a(libc2_asm.o)
                0x000000000002ab9c                memset
 .text.libc.strcpy
                0x000000000002ac02       0x44 D:/sse/lib/libc_v7em_fpv4_sp_d16_hard_t_le_eabi.a(libc2_asm.o)
                0x000000000002ac02                strcpy
 .text.libc.strlen
                0x000000000002ac46       0x60 D:/sse/lib/libc_v7em_fpv4_sp_d16_hard_t_le_eabi.a(libc2_asm.o)
                0x000000000002ac46                strlen
                0x000000000002aca6                __text_end__ = (__text_start__ + SIZEOF (.text))
                0x00000000000048d6                __text_size__ = SIZEOF (.text)
                0x000000000002aca6                __text_load_end__ = __text_end__

.vfp11_veneer   0x0000000100000000        0x0
 .vfp11_veneer  0x0000000100000000        0x0 linker stubs

.v4_bx          0x0000000100000000        0x0
 .v4_bx         0x0000000100000000        0x0 linker stubs

.iplt           0x0000000100000000        0x0
 .iplt          0x0000000100000000        0x0 Output/Release/Obj/ble_app_blinky_pca10040_s132/thumb_crt0.o
                0x0000000000000001                . = ASSERT (((__text_start__ == __text_end__) || ((__text_end__ - __FLASH_segment_start__) <= __FLASH_segment_size__)), error: .text is too large to fit in FLASH memory segment)
                0x000000000002aca8                __sdh_soc_observers_load_start__ = ALIGN (__text_end__, 0x4)

.sdh_soc_observers
                0x000000000002aca8        0x8
                0x000000000002aca8                __sdh_soc_observers_start__ = .
                0x000000000002aca8                __start_sdh_soc_observers = __sdh_soc_observers_start__
 *(SORT_BY_NAME(.sdh_soc_observers*))
 .sdh_soc_observers0
                0x000000000002aca8        0x8 Output/Release/Obj/ble_app_blinky_pca10040_s132/nrf_drv_clock.o
                0x000000000002acb0                __sdh_soc_observers_end__ = (__sdh_soc_observers_start__ + SIZEOF (.sdh_soc_observers))
                0x0000000000000008                __sdh_soc_observers_size__ = SIZEOF (.sdh_soc_observers)
                0x000000000002acb0                __stop_sdh_soc_observers = __sdh_soc_observers_end__
                0x000000000002acb0                __sdh_soc_observers_load_end__ = __sdh_soc_observers_end__
                0x0000000000000001                . = ASSERT (((__sdh_soc_observers_start__ == __sdh_soc_observers_end__) || ((__sdh_soc_observers_end__ - __FLASH_segment_start__) <= __FLASH_segment_size__)), error: .sdh_soc_observers is too large to fit in FLASH memory segment)
                0x000000000002acb0                __pwr_mgmt_data_load_start__ = ALIGN (__sdh_soc_observers_end__, 0x4)

.pwr_mgmt_data  0x000000000002acb0        0x0
                0x000000000002acb0                __pwr_mgmt_data_start__ = .
                0x000000000002acb0                __start_pwr_mgmt_data = __pwr_mgmt_data_start__
 *(SORT_BY_NAME(.pwr_mgmt_data*))
                0x000000000002acb0                __pwr_mgmt_data_end__ = (__pwr_mgmt_data_start__ + SIZEOF (.pwr_mgmt_data))
                0x0000000000000000                __pwr_mgmt_data_size__ = SIZEOF (.pwr_mgmt_data)
                0x000000000002acb0                __stop_pwr_mgmt_data = __pwr_mgmt_data_end__
                0x000000000002acb0                __pwr_mgmt_data_load_end__ = __pwr_mgmt_data_end__
                0x0000000000000001                . = ASSERT (((__pwr_mgmt_data_start__ == __pwr_mgmt_data_end__) || ((__pwr_mgmt_data_end__ - __FLASH_segment_start__) <= __FLASH_segment_size__)), error: .pwr_mgmt_data is too large to fit in FLASH memory segment)
                0x000000000002acb0                __sdh_ble_observers_load_start__ = ALIGN (__pwr_mgmt_data_end__, 0x4)

.sdh_ble_observers
                0x000000000002acb0       0x30
                0x000000000002acb0                __sdh_ble_observers_start__ = .
                0x000000000002acb0                __start_sdh_ble_observers = __sdh_ble_observers_start__
 *(SORT_BY_NAME(.sdh_ble_observers*))
 .sdh_ble_observers0
                0x000000000002acb0        0x8 Output/Release/Obj/ble_app_blinky_pca10040_s132/ble_conn_state.o
 .sdh_ble_observers1
                0x000000000002acb8        0x8 Output/Release/Obj/ble_app_blinky_pca10040_s132/main.o
 .sdh_ble_observers1
                0x000000000002acc0        0x8 Output/Release/Obj/ble_app_blinky_pca10040_s132/ble_conn_params.o
 .sdh_ble_observers2
                0x000000000002acc8       0x10 Output/Release/Obj/ble_app_blinky_pca10040_s132/main.o
 .sdh_ble_observers3
                0x000000000002acd8        0x8 Output/Release/Obj/ble_app_blinky_pca10040_s132/main.o
                0x000000000002ace0                __sdh_ble_observers_end__ = (__sdh_ble_observers_start__ + SIZEOF (.sdh_ble_observers))
                0x0000000000000030                __sdh_ble_observers_size__ = SIZEOF (.sdh_ble_observers)
                0x000000000002ace0                __stop_sdh_ble_observers = __sdh_ble_observers_end__
                0x000000000002ace0                __sdh_ble_observers_load_end__ = __sdh_ble_observers_end__
                0x0000000000000001                . = ASSERT (((__sdh_ble_observers_start__ == __sdh_ble_observers_end__) || ((__sdh_ble_observers_end__ - __FLASH_segment_start__) <= __FLASH_segment_size__)), error: .sdh_ble_observers is too large to fit in FLASH memory segment)
                0x000000000002ace0                __sdh_state_observers_load_start__ = ALIGN (__sdh_ble_observers_end__, 0x4)

.sdh_state_observers
                0x000000000002ace0        0x8
                0x000000000002ace0                __sdh_state_observers_start__ = .
                0x000000000002ace0                __start_sdh_state_observers = __sdh_state_observers_start__
 *(SORT_BY_NAME(.sdh_state_observers*))
 .sdh_state_observers0
                0x000000000002ace0        0x8 Output/Release/Obj/ble_app_blinky_pca10040_s132/nrf_drv_clock.o
                0x000000000002ace8                __sdh_state_observers_end__ = (__sdh_state_observers_start__ + SIZEOF (.sdh_state_observers))
                0x0000000000000008                __sdh_state_observers_size__ = SIZEOF (.sdh_state_observers)
                0x000000000002ace8                __stop_sdh_state_observers = __sdh_state_observers_end__
                0x000000000002ace8                __sdh_state_observers_load_end__ = __sdh_state_observers_end__
                0x0000000000000001                . = ASSERT (((__sdh_state_observers_start__ == __sdh_state_observers_end__) || ((__sdh_state_observers_end__ - __FLASH_segment_start__) <= __FLASH_segment_size__)), error: .sdh_state_observers is too large to fit in FLASH memory segment)
                0x000000000002ace8                __sdh_stack_observers_load_start__ = ALIGN (__sdh_state_observers_end__, 0x4)

.sdh_stack_observers
                0x000000000002ace8       0x10
                0x000000000002ace8                __sdh_stack_observers_start__ = .
                0x000000000002ace8                __start_sdh_stack_observers = __sdh_stack_observers_start__
 *(SORT_BY_NAME(.sdh_stack_observers*))
 .sdh_stack_observers0
                0x000000000002ace8        0x8 Output/Release/Obj/ble_app_blinky_pca10040_s132/nrf_sdh_ble.o
 .sdh_stack_observers0
                0x000000000002acf0        0x8 Output/Release/Obj/ble_app_blinky_pca10040_s132/nrf_sdh_soc.o
                0x000000000002acf8                __sdh_stack_observers_end__ = (__sdh_stack_observers_start__ + SIZEOF (.sdh_stack_observers))
                0x0000000000000010                __sdh_stack_observers_size__ = SIZEOF (.sdh_stack_observers)
                0x000000000002acf8                __stop_sdh_stack_observers = __sdh_stack_observers_end__
                0x000000000002acf8                __sdh_stack_observers_load_end__ = __sdh_stack_observers_end__
                0x0000000000000001                . = ASSERT (((__sdh_stack_observers_start__ == __sdh_stack_observers_end__) || ((__sdh_stack_observers_end__ - __FLASH_segment_start__) <= __FLASH_segment_size__)), error: .sdh_stack_observers is too large to fit in FLASH memory segment)
                0x000000000002acf8                __sdh_req_observers_load_start__ = ALIGN (__sdh_stack_observers_end__, 0x4)

.sdh_req_observers
                0x000000000002acf8        0x0
                0x000000000002acf8                __sdh_req_observers_start__ = .
                0x000000000002acf8                __start_sdh_req_observers = __sdh_req_observers_start__
 *(SORT_BY_NAME(.sdh_req_observers*))
                0x000000000002acf8                __sdh_req_observers_end__ = (__sdh_req_observers_start__ + SIZEOF (.sdh_req_observers))
                0x0000000000000000                __sdh_req_observers_size__ = SIZEOF (.sdh_req_observers)
                0x000000000002acf8                __stop_sdh_req_observers = __sdh_req_observers_end__
                0x000000000002acf8                __sdh_req_observers_load_end__ = __sdh_req_observers_end__
                0x0000000000000001                . = ASSERT (((__sdh_req_observers_start__ == __sdh_req_observers_end__) || ((__sdh_req_observers_end__ - __FLASH_segment_start__) <= __FLASH_segment_size__)), error: .sdh_req_observers is too large to fit in FLASH memory segment)
                0x000000000002acf8                __nrf_queue_load_start__ = ALIGN (__sdh_req_observers_end__, 0x4)

.nrf_queue      0x000000000002acf8        0x0
                0x000000000002acf8                __nrf_queue_start__ = .
                0x000000000002acf8                __start_nrf_queue = __nrf_queue_start__
 *(.nrf_queue*)
                0x000000000002acf8                __nrf_queue_end__ = (__nrf_queue_start__ + SIZEOF (.nrf_queue))
                0x0000000000000000                __nrf_queue_size__ = SIZEOF (.nrf_queue)
                0x000000000002acf8                __stop_nrf_queue = __nrf_queue_end__
                0x000000000002acf8                __nrf_queue_load_end__ = __nrf_queue_end__
                0x0000000000000001                . = ASSERT (((__nrf_queue_start__ == __nrf_queue_end__) || ((__nrf_queue_end__ - __FLASH_segment_start__) <= __FLASH_segment_size__)), error: .nrf_queue is too large to fit in FLASH memory segment)
                0x000000000002acf8                __nrf_balloc_load_start__ = ALIGN (__nrf_queue_end__, 0x4)

.nrf_balloc     0x000000000002acf8       0x14
                0x000000000002acf8                __nrf_balloc_start__ = .
                0x000000000002acf8                __start_nrf_balloc = __nrf_balloc_start__
 *(.nrf_balloc*)
 .nrf_balloc    0x000000000002acf8       0x14 Output/Release/Obj/ble_app_blinky_pca10040_s132/nrf_log_frontend.o
                0x000000000002acf8                log_mempool
                0x000000000002ad0c                __nrf_balloc_end__ = (__nrf_balloc_start__ + SIZEOF (.nrf_balloc))
                0x0000000000000014                __nrf_balloc_size__ = SIZEOF (.nrf_balloc)
                0x000000000002ad0c                __stop_nrf_balloc = __nrf_balloc_end__
                0x000000000002ad0c                __nrf_balloc_load_end__ = __nrf_balloc_end__
                0x0000000000000001                . = ASSERT (((__nrf_balloc_start__ == __nrf_balloc_end__) || ((__nrf_balloc_end__ - __FLASH_segment_start__) <= __FLASH_segment_size__)), error: .nrf_balloc is too large to fit in FLASH memory segment)
                0x000000000002ad0c                __cli_command_load_start__ = ALIGN (__nrf_balloc_end__, 0x4)

.cli_command    0x000000000002ad0c        0x0
                0x000000000002ad0c                __cli_command_start__ = .
                0x000000000002ad0c                __start_cli_command = __cli_command_start__
 *(.cli_command*)
                0x000000000002ad0c                __cli_command_end__ = (__cli_command_start__ + SIZEOF (.cli_command))
                0x0000000000000000                __cli_command_size__ = SIZEOF (.cli_command)
                0x000000000002ad0c                __stop_cli_command = __cli_command_end__
                0x000000000002ad0c                __cli_command_load_end__ = __cli_command_end__
                0x0000000000000001                . = ASSERT (((__cli_command_start__ == __cli_command_end__) || ((__cli_command_end__ - __FLASH_segment_start__) <= __FLASH_segment_size__)), error: .cli_command is too large to fit in FLASH memory segment)
                0x000000000002ad0c                __crypto_data_load_start__ = ALIGN (__cli_command_end__, 0x4)

.crypto_data    0x000000000002ad0c        0x0
                0x000000000002ad0c                __crypto_data_start__ = .
                0x000000000002ad0c                __start_crypto_data = __crypto_data_start__
 *(SORT_BY_NAME(.crypto_data*))
                0x000000000002ad0c                __crypto_data_end__ = (__crypto_data_start__ + SIZEOF (.crypto_data))
                0x0000000000000000                __crypto_data_size__ = SIZEOF (.crypto_data)
                0x000000000002ad0c                __stop_crypto_data = __crypto_data_end__
                0x000000000002ad0c                __crypto_data_load_end__ = __crypto_data_end__
                0x0000000000000001                . = ASSERT (((__crypto_data_start__ == __crypto_data_end__) || ((__crypto_data_end__ - __FLASH_segment_start__) <= __FLASH_segment_size__)), error: .crypto_data is too large to fit in FLASH memory segment)
                0x000000000002ad0c                __log_const_data_load_start__ = ALIGN (__crypto_data_end__, 0x4)

.log_const_data
                0x000000000002ad0c       0x80
                0x000000000002ad0c                __log_const_data_start__ = .
                0x000000000002ad0c                __start_log_const_data = __log_const_data_start__
 *(SORT_BY_NAME(.log_const_data*))
 .log_const_data_CLOCK
                0x000000000002ad0c        0x8 Output/Release/Obj/ble_app_blinky_pca10040_s132/nrfx_clock.o
                0x000000000002ad0c                m_nrf_log_CLOCK_logs_data_const
 .log_const_data_GPIOTE
                0x000000000002ad14        0x8 Output/Release/Obj/ble_app_blinky_pca10040_s132/nrfx_gpiote.o
                0x000000000002ad14                m_nrf_log_GPIOTE_logs_data_const
 .log_const_data_PRS
                0x000000000002ad1c        0x8 Output/Release/Obj/ble_app_blinky_pca10040_s132/nrfx_prs.o
                0x000000000002ad1c                m_nrf_log_PRS_logs_data_const
 .log_const_data_SAADC
                0x000000000002ad24        0x8 Output/Release/Obj/ble_app_blinky_pca10040_s132/nrfx_saadc.o
                0x000000000002ad24                m_nrf_log_SAADC_logs_data_const
 .log_const_data_UART
                0x000000000002ad2c        0x8 Output/Release/Obj/ble_app_blinky_pca10040_s132/nrfx_uart.o
                0x000000000002ad2c                m_nrf_log_UART_logs_data_const
 .log_const_data_UARTE
                0x000000000002ad34        0x8 Output/Release/Obj/ble_app_blinky_pca10040_s132/nrfx_uarte.o
                0x000000000002ad34                m_nrf_log_UARTE_logs_data_const
 .log_const_data_app
                0x000000000002ad3c        0x8 Output/Release/Obj/ble_app_blinky_pca10040_s132/nrf_log_frontend.o
                0x000000000002ad3c                m_nrf_log_app_logs_data_const
 .log_const_data_app_button
                0x000000000002ad44        0x8 Output/Release/Obj/ble_app_blinky_pca10040_s132/app_button.o
                0x000000000002ad44                m_nrf_log_app_button_logs_data_const
 .log_const_data_app_timer
                0x000000000002ad4c        0x8 Output/Release/Obj/ble_app_blinky_pca10040_s132/app_timer2.o
                0x000000000002ad4c                m_nrf_log_app_timer_logs_data_const
 .log_const_data_clock
                0x000000000002ad54        0x8 Output/Release/Obj/ble_app_blinky_pca10040_s132/nrf_drv_clock.o
                0x000000000002ad54                m_nrf_log_clock_logs_data_const
 .log_const_data_nrf_ble_gatt
                0x000000000002ad5c        0x8 Output/Release/Obj/ble_app_blinky_pca10040_s132/nrf_ble_gatt.o
                0x000000000002ad5c                m_nrf_log_nrf_ble_gatt_logs_data_const
 .log_const_data_nrf_sdh
                0x000000000002ad64        0x8 Output/Release/Obj/ble_app_blinky_pca10040_s132/nrf_sdh.o
                0x000000000002ad64                m_nrf_log_nrf_sdh_logs_data_const
 .log_const_data_nrf_sdh_ble
                0x000000000002ad6c        0x8 Output/Release/Obj/ble_app_blinky_pca10040_s132/nrf_sdh_ble.o
                0x000000000002ad6c                m_nrf_log_nrf_sdh_ble_logs_data_const
 .log_const_data_nrf_sdh_soc
                0x000000000002ad74        0x8 Output/Release/Obj/ble_app_blinky_pca10040_s132/nrf_sdh_soc.o
                0x000000000002ad74                m_nrf_log_nrf_sdh_soc_logs_data_const
 .log_const_data_pwr_mgmt
                0x000000000002ad7c        0x8 Output/Release/Obj/ble_app_blinky_pca10040_s132/nrf_pwr_mgmt.o
                0x000000000002ad7c                m_nrf_log_pwr_mgmt_logs_data_const
 .log_const_data_sortlist
                0x000000000002ad84        0x8 Output/Release/Obj/ble_app_blinky_pca10040_s132/nrf_sortlist.o
                0x000000000002ad84                m_nrf_log_sortlist_logs_data_const
                0x000000000002ad8c                __log_const_data_end__ = (__log_const_data_start__ + SIZEOF (.log_const_data))
                0x0000000000000080                __log_const_data_size__ = SIZEOF (.log_const_data)
                0x000000000002ad8c                __stop_log_const_data = __log_const_data_end__
                0x000000000002ad8c                __log_const_data_load_end__ = __log_const_data_end__
                0x0000000000000001                . = ASSERT (((__log_const_data_start__ == __log_const_data_end__) || ((__log_const_data_end__ - __FLASH_segment_start__) <= __FLASH_segment_size__)), error: .log_const_data is too large to fit in FLASH memory segment)
                0x000000000002ad8c                __log_backends_load_start__ = ALIGN (__log_const_data_end__, 0x4)

.log_backends   0x000000000002ad8c       0x10
                0x000000000002ad8c                __log_backends_start__ = .
                0x000000000002ad8c                __start_log_backends = __log_backends_start__
 *(SORT_BY_NAME(.log_backends*))
 .log_backends  0x000000000002ad8c       0x10 Output/Release/Obj/ble_app_blinky_pca10040_s132/nrf_log_default_backends.o
                0x000000000002ad9c                __log_backends_end__ = (__log_backends_start__ + SIZEOF (.log_backends))
                0x0000000000000010                __log_backends_size__ = SIZEOF (.log_backends)
                0x000000000002ad9c                __stop_log_backends = __log_backends_end__
                0x000000000002ad9c                __log_backends_load_end__ = __log_backends_end__
                0x0000000000000001                . = ASSERT (((__log_backends_start__ == __log_backends_end__) || ((__log_backends_end__ - __FLASH_segment_start__) <= __FLASH_segment_size__)), error: .log_backends is too large to fit in FLASH memory segment)
                0x000000000002ad9c                __nrf_sections_load_start__ = ALIGN (__log_backends_end__, 0x4)

.nrf_sections   0x000000000002ad9c        0x0
                0x000000000002ad9c                __nrf_sections_start__ = .
                0x000000000002ad9c                __start_nrf_sections = __nrf_sections_start__
 *(.nrf_sections .nrf_sections.*)
                0x000000000002ad9c                __nrf_sections_end__ = (__nrf_sections_start__ + SIZEOF (.nrf_sections))
                0x0000000000000000                __nrf_sections_size__ = SIZEOF (.nrf_sections)
                0x000000000002ad9c                __nrf_sections_load_end__ = __nrf_sections_end__
                0x0000000000000001                . = ASSERT (((__nrf_sections_start__ == __nrf_sections_end__) || ((__nrf_sections_end__ - __FLASH_segment_start__) <= __FLASH_segment_size__)), error: .nrf_sections is too large to fit in FLASH memory segment)
                0x000000000002ad9c                __cli_sorted_cmd_ptrs_load_start__ = ALIGN (__nrf_sections_end__, 0x4)

.cli_sorted_cmd_ptrs
                0x00000000200022f0        0x0 load address 0x000000000002ad9c
                0x00000000200022f0                __cli_sorted_cmd_ptrs_start__ = .
 *(.cli_sorted_cmd_ptrs*)
                0x00000000200022f0                __cli_sorted_cmd_ptrs_end__ = (__cli_sorted_cmd_ptrs_start__ + SIZEOF (.cli_sorted_cmd_ptrs))
                0x0000000000000000                __cli_sorted_cmd_ptrs_size__ = SIZEOF (.cli_sorted_cmd_ptrs)
                0x000000000002ad9c                __cli_sorted_cmd_ptrs_load_end__ = (__cli_sorted_cmd_ptrs_load_start__ + SIZEOF (.cli_sorted_cmd_ptrs))
                0x0000000000000001                . = ASSERT (((__cli_sorted_cmd_ptrs_load_start__ == __cli_sorted_cmd_ptrs_load_end__) || ((__cli_sorted_cmd_ptrs_load_end__ - __FLASH_segment_start__) <= __FLASH_segment_size__)), error: .cli_sorted_cmd_ptrs is too large to fit in FLASH memory segment)

.cli_sorted_cmd_ptrs_run
                0x00000000200022f0        0x0
                0x00000000200022f0                __cli_sorted_cmd_ptrs_run_start__ = .
                0x00000000200022f0                __start_cli_sorted_cmd_ptrs = __cli_sorted_cmd_ptrs_run_start__
                0x00000000200022f0                __cli_sorted_cmd_ptrs_run_end__ = (__cli_sorted_cmd_ptrs_run_start__ + SIZEOF (.cli_sorted_cmd_ptrs))
                0x0000000000000000                __cli_sorted_cmd_ptrs_run_size__ = (__cli_sorted_cmd_ptrs_run_end__ - __cli_sorted_cmd_ptrs_run_start__)
                0x00000000200022f0                __stop_cli_sorted_cmd_ptrs = __cli_sorted_cmd_ptrs_run_end__
                0x00000000200022f0                __cli_sorted_cmd_ptrs_run_load_end__ = __cli_sorted_cmd_ptrs_run_end__
                0x0000000000000001                . = ASSERT (((__cli_sorted_cmd_ptrs_run_start__ == __cli_sorted_cmd_ptrs_run_end__) || ((__cli_sorted_cmd_ptrs_run_end__ - __RAM_segment_start__) <= __RAM_segment_size__)), error: .cli_sorted_cmd_ptrs_run is too large to fit in RAM memory segment)
                0x000000000002ad9c                __fs_data_load_start__ = ALIGN ((__cli_sorted_cmd_ptrs_load_start__ + SIZEOF (.cli_sorted_cmd_ptrs)), 0x4)

.fs_data        0x00000000200022f0        0x0 load address 0x000000000002ad9c
                0x00000000200022f0                __fs_data_start__ = .
 *(.fs_data*)
                0x00000000200022f0                __fs_data_end__ = (__fs_data_start__ + SIZEOF (.fs_data))
                0x0000000000000000                __fs_data_size__ = SIZEOF (.fs_data)
                0x000000000002ad9c                __fs_data_load_end__ = (__fs_data_load_start__ + SIZEOF (.fs_data))
                0x0000000000000001                . = ASSERT (((__fs_data_load_start__ == __fs_data_load_end__) || ((__fs_data_load_end__ - __FLASH_segment_start__) <= __FLASH_segment_size__)), error: .fs_data is too large to fit in FLASH memory segment)

.fs_data_run    0x00000000200022f0        0x0
                0x00000000200022f0                __fs_data_run_start__ = .
                0x00000000200022f0                __start_fs_data = __fs_data_run_start__
                0x00000000200022f0                __fs_data_run_end__ = (__fs_data_run_start__ + SIZEOF (.fs_data))
                0x0000000000000000                __fs_data_run_size__ = (__fs_data_run_end__ - __fs_data_run_start__)
                0x00000000200022f0                __stop_fs_data = __fs_data_run_end__
                0x00000000200022f0                __fs_data_run_load_end__ = __fs_data_run_end__
                0x0000000000000001                . = ASSERT (((__fs_data_run_start__ == __fs_data_run_end__) || ((__fs_data_run_end__ - __RAM_segment_start__) <= __RAM_segment_size__)), error: .fs_data_run is too large to fit in RAM memory segment)
                0x000000000002ad9c                __log_dynamic_data_load_start__ = ALIGN ((__fs_data_load_start__ + SIZEOF (.fs_data)), 0x4)

.log_dynamic_data
                0x00000000200022f0        0x0 load address 0x000000000002ad9c
                0x00000000200022f0                __log_dynamic_data_start__ = .
 *(SORT_BY_NAME(.log_dynamic_data*))
                0x00000000200022f0                __log_dynamic_data_end__ = (__log_dynamic_data_start__ + SIZEOF (.log_dynamic_data))
                0x0000000000000000                __log_dynamic_data_size__ = SIZEOF (.log_dynamic_data)
                0x000000000002ad9c                __log_dynamic_data_load_end__ = (__log_dynamic_data_load_start__ + SIZEOF (.log_dynamic_data))
                0x0000000000000001                . = ASSERT (((__log_dynamic_data_load_start__ == __log_dynamic_data_load_end__) || ((__log_dynamic_data_load_end__ - __FLASH_segment_start__) <= __FLASH_segment_size__)), error: .log_dynamic_data is too large to fit in FLASH memory segment)

.log_dynamic_data_run
                0x00000000200022f0        0x0
                0x00000000200022f0                __log_dynamic_data_run_start__ = .
                0x00000000200022f0                __start_log_dynamic_data = __log_dynamic_data_run_start__
                0x00000000200022f0                __log_dynamic_data_run_end__ = (__log_dynamic_data_run_start__ + SIZEOF (.log_dynamic_data))
                0x0000000000000000                __log_dynamic_data_run_size__ = (__log_dynamic_data_run_end__ - __log_dynamic_data_run_start__)
                0x00000000200022f0                __stop_log_dynamic_data = __log_dynamic_data_run_end__
                0x00000000200022f0                __log_dynamic_data_run_load_end__ = __log_dynamic_data_run_end__
                0x0000000000000001                . = ASSERT (((__log_dynamic_data_run_start__ == __log_dynamic_data_run_end__) || ((__log_dynamic_data_run_end__ - __RAM_segment_start__) <= __RAM_segment_size__)), error: .log_dynamic_data_run is too large to fit in RAM memory segment)
                0x000000000002ad9c                __log_filter_data_load_start__ = ALIGN ((__log_dynamic_data_load_start__ + SIZEOF (.log_dynamic_data)), 0x4)

.log_filter_data
                0x00000000200022f0        0x0 load address 0x000000000002ad9c
                0x00000000200022f0                __log_filter_data_start__ = .
 *(SORT_BY_NAME(.log_filter_data*))
                0x00000000200022f0                __log_filter_data_end__ = (__log_filter_data_start__ + SIZEOF (.log_filter_data))
                0x0000000000000000                __log_filter_data_size__ = SIZEOF (.log_filter_data)
                0x000000000002ad9c                __log_filter_data_load_end__ = (__log_filter_data_load_start__ + SIZEOF (.log_filter_data))
                0x0000000000000001                . = ASSERT (((__log_filter_data_load_start__ == __log_filter_data_load_end__) || ((__log_filter_data_load_end__ - __FLASH_segment_start__) <= __FLASH_segment_size__)), error: .log_filter_data is too large to fit in FLASH memory segment)

.log_filter_data_run
                0x00000000200022f0        0x0
                0x00000000200022f0                __log_filter_data_run_start__ = .
                0x00000000200022f0                __start_log_filter_data = __log_filter_data_run_start__
                0x00000000200022f0                __log_filter_data_run_end__ = (__log_filter_data_run_start__ + SIZEOF (.log_filter_data))
                0x0000000000000000                __log_filter_data_run_size__ = (__log_filter_data_run_end__ - __log_filter_data_run_start__)
                0x00000000200022f0                __stop_log_filter_data = __log_filter_data_run_end__
                0x00000000200022f0                __log_filter_data_run_load_end__ = __log_filter_data_run_end__
                0x0000000000000001                . = ASSERT (((__log_filter_data_run_start__ == __log_filter_data_run_end__) || ((__log_filter_data_run_end__ - __RAM_segment_start__) <= __RAM_segment_size__)), error: .log_filter_data_run is too large to fit in RAM memory segment)
                0x00000000200022f0                __nrf_sections_run_end_load_start__ = ALIGN (__log_filter_data_run_end__, 0x4)

.nrf_sections_run_end
                0x00000000200022f0        0x0
                0x00000000200022f0                __nrf_sections_run_end_start__ = .
                0x00000000200022f0                __end_nrf_sections_run = __nrf_sections_run_end_start__
 *(.nrf_sections_run_end .nrf_sections_run_end.*)
                0x00000000200022f0                __nrf_sections_run_end_end__ = (__nrf_sections_run_end_start__ + SIZEOF (.nrf_sections_run_end))
                0x0000000000000000                __nrf_sections_run_end_size__ = SIZEOF (.nrf_sections_run_end)
                0x00000000200022f0                __nrf_sections_run_end_load_end__ = __nrf_sections_run_end_end__
                0x0000000000000001                . = ASSERT (((__nrf_sections_run_end_start__ == __nrf_sections_run_end_end__) || ((__nrf_sections_run_end_end__ - __RAM_segment_start__) <= __RAM_segment_size__)), error: .nrf_sections_run_end is too large to fit in RAM memory segment)
                0x000000000002ad9c                __dtors_load_start__ = ALIGN ((__log_filter_data_load_start__ + SIZEOF (.log_filter_data)), 0x4)

.dtors          0x000000000002ad9c        0x0
                0x000000000002ad9c                __dtors_start__ = .
 *(SORT_BY_NAME(.dtors.*))
 *(.dtors)
 *(.fini_array)
 *(SORT_BY_NAME(.fini_array.*))
                0x000000000002ad9c                __dtors_end__ = (__dtors_start__ + SIZEOF (.dtors))
                0x0000000000000000                __dtors_size__ = SIZEOF (.dtors)
                0x000000000002ad9c                __dtors_load_end__ = __dtors_end__
                0x0000000000000001                . = ASSERT (((__dtors_start__ == __dtors_end__) || ((__dtors_end__ - __FLASH_segment_start__) <= __FLASH_segment_size__)), error: .dtors is too large to fit in FLASH memory segment)
                0x000000000002ad9c                __ctors_load_start__ = ALIGN (__dtors_end__, 0x4)

.ctors          0x000000000002ad9c        0x0
                0x000000000002ad9c                __ctors_start__ = .
 *(SORT_BY_NAME(.ctors.*))
 *(.ctors)
 *(.init_array)
 *(SORT_BY_NAME(.init_array.*))
                0x000000000002ad9c                __ctors_end__ = (__ctors_start__ + SIZEOF (.ctors))
                0x0000000000000000                __ctors_size__ = SIZEOF (.ctors)
                0x000000000002ad9c                __ctors_load_end__ = __ctors_end__
                0x0000000000000001                . = ASSERT (((__ctors_start__ == __ctors_end__) || ((__ctors_end__ - __FLASH_segment_start__) <= __FLASH_segment_size__)), error: .ctors is too large to fit in FLASH memory segment)
                0x000000000002ad9c                __rodata_load_start__ = ALIGN (__ctors_end__, 0x4)

.rodata         0x000000000002ad9c     0x125e
                0x000000000002ad9c                __rodata_start__ = .
 *(.rodata .rodata.* .gnu.linkonce.r.*)
 *fill*         0x000000000002ad9c        0x4 
 .rodata.delay_machine_code.0
                0x000000000002ada0        0x6 Output/Release/Obj/ble_app_blinky_pca10040_s132/nrf_log_backend_rtt.o
 *fill*         0x000000000002ada6        0x2 
 .rodata.nrf_log_backend_rtt_api
                0x000000000002ada8        0xc Output/Release/Obj/ble_app_blinky_pca10040_s132/nrf_log_backend_rtt.o
                0x000000000002ada8                nrf_log_backend_rtt_api
 .rodata.str1.1
                0x000000000002adb4       0x10 Output/Release/Obj/ble_app_blinky_pca10040_s132/nrf_log_default_backends.o
 .rodata.nrf_log_frontend_dequeue.str1.1
                0x000000000002adc4       0x11 Output/Release/Obj/ble_app_blinky_pca10040_s132/nrf_log_frontend.o
 .rodata.str1.1
                0x000000000002add5        0x4 Output/Release/Obj/ble_app_blinky_pca10040_s132/nrf_log_frontend.o
 *fill*         0x000000000002add9        0x3 
 .rodata.m_log_push_ringbuf
                0x000000000002addc        0xc Output/Release/Obj/ble_app_blinky_pca10040_s132/nrf_log_frontend.o
 .rodata.prefix_process.str1.1
                0x000000000002ade8       0x32 Output/Release/Obj/ble_app_blinky_pca10040_s132/nrf_log_str_formatter.o
 .rodata.postfix_process.str1.1
                0x000000000002ae1a       0x32 Output/Release/Obj/ble_app_blinky_pca10040_s132/nrf_log_str_formatter.o
                                          0x3 (size before relaxing)
 .rodata.nrf_log_hexdump_entry_process.str1.1
                0x000000000002ae1a        0xf Output/Release/Obj/ble_app_blinky_pca10040_s132/nrf_log_str_formatter.o
                                         0x11 (size before relaxing)
 .rodata.str1.1
                0x000000000002ae29       0x4b Output/Release/Obj/ble_app_blinky_pca10040_s132/nrf_log_str_formatter.o
                                         0x51 (size before relaxing)
 .rodata.m_colors
                0x000000000002ae74       0x24 Output/Release/Obj/ble_app_blinky_pca10040_s132/nrf_log_str_formatter.o
 .rodata.severity_names
                0x000000000002ae98       0x14 Output/Release/Obj/ble_app_blinky_pca10040_s132/nrf_log_str_formatter.o
 .rodata.str1.1
                0x000000000002aeac        0xb Output/Release/Obj/ble_app_blinky_pca10040_s132/app_button.o
 *fill*         0x000000000002aeb7        0x1 
 .rodata.m_detection_delay_timer_id
                0x000000000002aeb8        0x4 Output/Release/Obj/ble_app_blinky_pca10040_s132/app_button.o
 .rodata.app_error_fault_handler.str1.1
                0x000000000002aebc       0x19 Output/Release/Obj/ble_app_blinky_pca10040_s132/app_error_weak.o
 .rodata.str1.1
                0x000000000002aed5        0xa Output/Release/Obj/ble_app_blinky_pca10040_s132/app_timer2.o
 *fill*         0x000000000002aedf        0x1 
 .rodata        0x000000000002aee0        0x4 Output/Release/Obj/ble_app_blinky_pca10040_s132/app_timer2.o
 .rodata.m_app_timer_sortlist
                0x000000000002aee4        0xc Output/Release/Obj/ble_app_blinky_pca10040_s132/app_timer2.o
 .rodata.drv_rtc_init.str1.1
                0x000000000002aef0       0x34 Output/Release/Obj/ble_app_blinky_pca10040_s132/drv_rtc.o
 *fill*         0x000000000002af24        0xc 
 .rodata.delay_machine_code.0
                0x000000000002af30        0x6 Output/Release/Obj/ble_app_blinky_pca10040_s132/drv_rtc.o
 .rodata._aV2C.0
                0x000000000002af36       0x10 Output/Release/Obj/ble_app_blinky_pca10040_s132/nrf_fprintf_format.o
 .rodata.str1.1
                0x000000000002af46        0x9 Output/Release/Obj/ble_app_blinky_pca10040_s132/nrf_pwr_mgmt.o
 *fill*         0x000000000002af4f        0x1 
 .rodata.pwr_mgmt_data
                0x000000000002af50        0xc Output/Release/Obj/ble_app_blinky_pca10040_s132/nrf_pwr_mgmt.o
 .rodata.str1.1
                0x000000000002af5c        0x9 Output/Release/Obj/ble_app_blinky_pca10040_s132/nrf_sortlist.o
 .rodata.str1.1
                0x000000000002af65      0x3ba Output/Release/Obj/ble_app_blinky_pca10040_s132/nrf_strerror.o
 .rodata.m_unknown_str
                0x000000000002b31f       0x13 Output/Release/Obj/ble_app_blinky_pca10040_s132/nrf_strerror.o
 *fill*         0x000000000002b332        0x2 
 .rodata.nrf_strerror_array
                0x000000000002b334      0x128 Output/Release/Obj/ble_app_blinky_pca10040_s132/nrf_strerror.o
 .rodata.m_board_led_list
                0x000000000002b45c        0x4 Output/Release/Obj/ble_app_blinky_pca10040_s132/boards.o
 .rodata.str1.1
                0x000000000002b460        0x6 Output/Release/Obj/ble_app_blinky_pca10040_s132/nrf_drv_clock.o
 .rodata.str1.1
                0x000000000002b466        0x6 Output/Release/Obj/ble_app_blinky_pca10040_s132/nrfx_clock.o
 .rodata.str1.1
                0x000000000002b46c        0x7 Output/Release/Obj/ble_app_blinky_pca10040_s132/nrfx_gpiote.o
 .rodata.str1.1
                0x000000000002b473        0x4 Output/Release/Obj/ble_app_blinky_pca10040_s132/nrfx_prs.o
 .rodata.str1.1
                0x000000000002b477        0x5 Output/Release/Obj/ble_app_blinky_pca10040_s132/nrfx_uart.o
 .rodata.str1.1
                0x000000000002b47c        0x6 Output/Release/Obj/ble_app_blinky_pca10040_s132/nrfx_uarte.o
 .rodata.str1.1
                0x000000000002b482        0x6 Output/Release/Obj/ble_app_blinky_pca10040_s132/nrfx_saadc.o
 .rodata.temp_measure_callback.str1.1
                0x000000000002b488       0x18 Output/Release/Obj/ble_app_blinky_pca10040_s132/main.o
 .rodata.ble_evt_handler.str1.1
                0x000000000002b4a0       0x17 Output/Release/Obj/ble_app_blinky_pca10040_s132/main.o
 .rodata.button_event_handler.str1.1
                0x000000000002b4b7       0x1a Output/Release/Obj/ble_app_blinky_pca10040_s132/main.o
 .rodata.led_write_handler.str1.1
                0x000000000002b4d1       0x23 Output/Release/Obj/ble_app_blinky_pca10040_s132/main.o
 .rodata.main.str1.1
                0x000000000002b4f4       0x26 Output/Release/Obj/ble_app_blinky_pca10040_s132/main.o
 *fill*         0x000000000002b51a        0x2 
 .rodata.m_measure_temperature_timer
                0x000000000002b51c        0x4 Output/Release/Obj/ble_app_blinky_pca10040_s132/main.o
 .rodata.measure_delay_timer_handler.str1.1
                0x000000000002b520       0x30 Output/Release/Obj/ble_app_blinky_pca10040_s132/temp_adc.o
 .rodata.saadc_done_callback.str1.1
                0x000000000002b550       0x8b Output/Release/Obj/ble_app_blinky_pca10040_s132/temp_adc.o
 .rodata        0x000000000002b5db       0x16 Output/Release/Obj/ble_app_blinky_pca10040_s132/temp_adc.o
 *fill*         0x000000000002b5f1        0x3 
 .rodata.m_temp_timer_id
                0x000000000002b5f4        0x4 Output/Release/Obj/ble_app_blinky_pca10040_s132/temp_adc.o
 .rodata.gap_target_data
                0x000000000002b5f8      0x3c8 Output/Release/Obj/ble_app_blinky_pca10040_s132/stroge_data.o
 .rodata._DoInit.str1.1
                0x000000000002b9c0       0x14 Output/Release/Obj/ble_app_blinky_pca10040_s132/SEGGER_RTT.o
 .rodata.data_length_update.str1.1
                0x000000000002b9d4       0xdf Output/Release/Obj/ble_app_blinky_pca10040_s132/nrf_ble_gatt.o
 .rodata.nrf_ble_gatt_on_ble_evt.str1.1
                0x000000000002bab3       0x60 Output/Release/Obj/ble_app_blinky_pca10040_s132/nrf_ble_gatt.o
 .rodata.str1.1
                0x000000000002bb13        0xd Output/Release/Obj/ble_app_blinky_pca10040_s132/nrf_ble_gatt.o
 .rodata        0x000000000002bb20       0x10 Output/Release/Obj/ble_app_blinky_pca10040_s132/ble_lbs.o
 .rodata.str1.1
                0x000000000002bb30        0x8 Output/Release/Obj/ble_app_blinky_pca10040_s132/nrf_sdh.o
 .rodata        0x000000000002bb38        0x4 Output/Release/Obj/ble_app_blinky_pca10040_s132/nrf_sdh.o
 .rodata.sdh_req_observers
                0x000000000002bb3c        0xc Output/Release/Obj/ble_app_blinky_pca10040_s132/nrf_sdh.o